Component: ARM Compiler 5.06 update 6 (build 750) Tool: armlink [4d35ed]

==============================================================================

Section Cross References

    main.o(i._Z10robot_ctrlhPPc) refers to kservice.o(i.rt_kprintf) for rt_kprintf
    main.o(i._Z10robot_ctrlhPPc) refers to strcmpv7m.o(.text) for strcmp
    main.o(i._Z10robot_ctrlhPPc) refers to main.o(i._Z10rt_fprintfPKcf) for rt_fprintf(const char*, float)
    main.o(i._Z10robot_ctrlhPPc) refers to motors.o(i._ZN8DC_Motor9read_odomEv) for DC_Motor::read_odom()
    main.o(i._Z10robot_ctrlhPPc) refers to atoi.o(.text) for atoi
    main.o(i._Z10robot_ctrlhPPc) refers to car.o(i._ZN11Mecanum_Car10PID_RunSpdEi) for Mecanum_Car::PID_RunSpd(int)
    main.o(i._Z10robot_ctrlhPPc) refers to main.o(.bss) for LF_Wheel_Motor
    main.o(i._Z10rt_fprintfPKcf) refers to f2d.o(x$fpl$f2d) for __aeabi_f2d
    main.o(i._Z10rt_fprintfPKcf) refers to dmul.o(x$fpl$dmul) for __aeabi_dmul
    main.o(i._Z10rt_fprintfPKcf) refers to dfix.o(x$fpl$dfix) for __aeabi_d2iz
    main.o(i._Z10rt_fprintfPKcf) refers to kservice.o(i.rt_kprintf) for rt_kprintf
    main.o(i._Z10uart_inputP9rt_devicem) refers to ipc.o(i.rt_sem_release) for rt_sem_release
    main.o(i._Z10uart_inputP9rt_devicem) refers to main.o(.bss) for rx_sem
    main.o(i._Z11PID_controlPv) refers to car.o(i._ZN11Mecanum_Car13Increment_PIDEv) for Mecanum_Car::Increment_PID()
    main.o(i._Z11PID_controlPv) refers to main.o(.bss) for robot
    main.o(i._Z11print_debugPN3ros11NodeHandle_I11RTTHardwareLi25ELi25ELi512ELi512EEE) refers to motors.o(i._ZN8DC_Motor9read_odomEv) for DC_Motor::read_odom()
    main.o(i._Z11print_debugPN3ros11NodeHandle_I11RTTHardwareLi25ELi25ELi512ELi512EEE) refers to kservice.o(i.rt_sprintf) for rt_sprintf
    main.o(i._Z11print_debugPN3ros11NodeHandle_I11RTTHardwareLi25ELi25ELi512ELi512EEE) refers to main.o(t._ZN3ros11NodeHandle_I11RTTHardwareLi25ELi25ELi512ELi512EE7loginfoEPKc) for ros::NodeHandle_<RTTHardware, (int)25, (int)25, (int)512, (int)512>::loginfo(const char*)
    main.o(i._Z11print_debugPN3ros11NodeHandle_I11RTTHardwareLi25ELi25ELi512ELi512EEE) refers to battery.o(i._ZN7Battery20get_battery_notifierEv) for Battery::get_battery_notifier()
    main.o(i._Z11print_debugPN3ros11NodeHandle_I11RTTHardwareLi25ELi25ELi512ELi512EEE) refers to fmul.o(x$fpl$fmul) for __aeabi_fmul
    main.o(i._Z11print_debugPN3ros11NodeHandle_I11RTTHardwareLi25ELi25ELi512ELi512EEE) refers to ffix.o(x$fpl$ffix) for __aeabi_f2iz
    main.o(i._Z11print_debugPN3ros11NodeHandle_I11RTTHardwareLi25ELi25ELi512ELi512EEE) refers to main.o(.bss) for RF_Wheel_Motor
    main.o(i._Z11publish_imuP10Imu_SensorPN8mbs_msgs3ImuEPN3ros11NodeHandle_I11RTTHardwareLi25ELi25ELi512ELi512EEEPNS4_9PublisherE) refers to imu_dev.o(i._ZN10Imu_Sensor20measure_accelerationEv) for Imu_Sensor::measure_acceleration()
    main.o(i._Z11publish_imuP10Imu_SensorPN8mbs_msgs3ImuEPN3ros11NodeHandle_I11RTTHardwareLi25ELi25ELi512ELi512EEEPNS4_9PublisherE) refers to main.o(i._ZN13geometry_msgs7Vector3aSERKS0_) for geometry_msgs::Vector3::operator =(const geometry_msgs::Vector3&)
    main.o(i._Z11publish_imuP10Imu_SensorPN8mbs_msgs3ImuEPN3ros11NodeHandle_I11RTTHardwareLi25ELi25ELi512ELi512EEEPNS4_9PublisherE) refers to imu_dev.o(i._ZN10Imu_Sensor17measure_gyroscopeEv) for Imu_Sensor::measure_gyroscope()
    main.o(i._Z11publish_imuP10Imu_SensorPN8mbs_msgs3ImuEPN3ros11NodeHandle_I11RTTHardwareLi25ELi25ELi512ELi512EEEPNS4_9PublisherE) refers to imu_dev.o(i._ZN10Imu_Sensor20measure_magnetometerEv) for Imu_Sensor::measure_magnetometer()
    main.o(i._Z11publish_imuP10Imu_SensorPN8mbs_msgs3ImuEPN3ros11NodeHandle_I11RTTHardwareLi25ELi25ELi512ELi512EEEPNS4_9PublisherE) refers to main.o(i._ZN3ros9Publisher7publishEPKNS_3MsgE) for ros::Publisher::publish(const ros::Msg*)
    main.o(i._Z12pid_callbackRKN8mbs_msgs3PIDE) refers to car.o(i._ZN11Mecanum_Car10Update_PIDEfff) for Mecanum_Car::Update_PID(float, float, float)
    main.o(i._Z12pid_callbackRKN8mbs_msgs3PIDE) refers to main.o(.bss) for robot
    main.o(i._Z16command_callbackRKN13geometry_msgs5TwistE) refers to f2d.o(x$fpl$f2d) for __aeabi_f2d
    main.o(i._Z16command_callbackRKN13geometry_msgs5TwistE) refers to clock.o(i.rt_tick_get) for rt_tick_get
    main.o(i._Z16command_callbackRKN13geometry_msgs5TwistE) refers to main.o(.data) for required_linear_vel
    main.o(i._Z22rosserial_thread_entryPv) refers to kservice.o(i.rt_kprintf) for rt_kprintf
    main.o(i._Z22rosserial_thread_entryPv) refers to thread.o(i.rt_thread_delay) for rt_thread_delay
    main.o(i._Z22rosserial_thread_entryPv) refers to clock.o(i.rt_tick_get) for rt_tick_get
    main.o(i._Z22rosserial_thread_entryPv) refers to main.o(i._Z9move_baseP8DC_MotorS0_S0_S0_P10Kinematics) for move_base(DC_Motor*, DC_Motor*, DC_Motor*, DC_Motor*, Kinematics*)
    main.o(i._Z22rosserial_thread_entryPv) refers to main.o(i._Z9stop_basev) for stop_base()
[...]
    0x08002ea4   0x08002ea4   0x00000036   Code   RO         5479    i.HAL_TIM_GenerateEvent  rt-thread.lib(stm32f1xx_hal_tim.o)
    0x08002eda   0x08002eda   0x00000002   PAD
    0x08002edc   0x08002edc   0x00000058   Code   RO         3786    i.HAL_TIM_MspPostInit  rt-thread.lib(stm32f1xx_hal_msp.o)
    0x08002f34   0x08002f34   0x00000108   Code   RO         5518    i.HAL_TIM_PWM_ConfigChannel  rt-thread.lib(stm32f1xx_hal_tim.o)
    0x0800303c   0x0800303c   0x00000040   Code   RO         5521    i.HAL_TIM_PWM_Init  rt-thread.lib(stm32f1xx_hal_tim.o)
    0x0800307c   0x0800307c   0x00000002   Code   RO         5523    i.HAL_TIM_PWM_MspInit  rt-thread.lib(stm32f1xx_hal_tim.o)
    0x0800307e   0x0800307e   0x00000002   PAD
    0x08003080   0x08003080   0x00000058   Code   RO         5526    i.HAL_TIM_PWM_Start  rt-thread.lib(stm32f1xx_hal_tim.o)
    0x080030d8   0x080030d8   0x00000088   Code   RO         5529    i.HAL_TIM_PWM_Stop  rt-thread.lib(stm32f1xx_hal_tim.o)
    0x08003160   0x08003160   0x0000002c   Code   RO         1331    i.HAL_UART_ErrorCallback  drv_usart.o
    0x0800318c   0x0800318c   0x0000014c   Code   RO         5142    i.HAL_UART_IRQHandler  rt-thread.lib(stm32f1xx_hal_uart.o)
    0x080032d8   0x080032d8   0x00000072   Code   RO         5143    i.HAL_UART_Init     rt-thread.lib(stm32f1xx_hal_uart.o)
    0x0800334a   0x0800334a   0x00000002   PAD
    0x0800334c   0x0800334c   0x000000f0   Code   RO         3788    i.HAL_UART_MspInit  rt-thread.lib(stm32f1xx_hal_msp.o)
    0x0800343c   0x0800343c   0x000000c4   Code   RO         5147    i.HAL_UART_Receive_DMA  rt-thread.lib(stm32f1xx_hal_uart.o)
    0x08003500   0x08003500   0x00000034   Code   RO         1332    i.HAL_UART_RxCpltCallback  drv_usart.o
    0x08003534   0x08003534   0x00000034   Code   RO         1333    i.HAL_UART_RxHalfCpltCallback  drv_usart.o
    0x08003568   0x08003568   0x0000009c   Code   RO         5152    i.HAL_UART_Transmit_DMA  rt-thread.lib(stm32f1xx_hal_uart.o)
    0x08003604   0x08003604   0x00000034   Code   RO         1334    i.HAL_UART_TxCpltCallback  drv_usart.o
    0x08003638   0x08003638   0x00000002   Code   RO         5155    i.HAL_UART_TxHalfCpltCallback  rt-thread.lib(stm32f1xx_hal_uart.o)
    0x0800363a   0x0800363a   0x00000002   PAD
    0x0800363c   0x0800363c   0x00000028   Code   RO         4785    i.RCC_Delay         rt-thread.lib(stm32f1xx_hal_rcc.o)
    0x08003664   0x08003664   0x0000004c   Code   RO         4425    i.SCL_H             rt-thread.lib(i2c-bit-ops.o)
    0x080036b0   0x080036b0   0x00000014   Code   RO         1595    i.SysTick_Handler   drv_common.o
    0x080036c4   0x080036c4   0x000000a4   Code   RO         3605    i.SystemClock_Config  rt-thread.lib(board.o)
    0x08003768   0x08003768   0x00000058   Code   RO         4518    i.SystemInit        rt-thread.lib(system_stm32f1xx.o)
    0x080037c0   0x080037c0   0x00000018   Code   RO         1706    i.TIM2_IRQHandler   drv_pulse_encoder.o
    0x080037d8   0x080037d8   0x00000018   Code   RO         1707    i.TIM3_IRQHandler   drv_pulse_encoder.o
    0x080037f0   0x080037f0   0x00000018   Code   RO         1708    i.TIM4_IRQHandler   drv_pulse_encoder.o
    0x08003808   0x08003808   0x00000018   Code   RO         1709    i.TIM5_IRQHandler   drv_pulse_encoder.o
    0x08003820   0x08003820   0x0000009c   Code   RO         5539    i.TIM_Base_SetConfig  rt-thread.lib(stm32f1xx_hal_tim.o)
    0x080038bc   0x080038bc   0x00000022   Code   RO         5540    i.TIM_CCxChannelCmd  rt-thread.lib(stm32f1xx_hal_tim.o)
    0x080038de   0x080038de   0x00000016   Code   RO         5550    i.TIM_ETR_SetConfig  rt-thread.lib(stm32f1xx_hal_tim.o)
    0x080038f4   0x080038f4   0x00000012   Code   RO         5551    i.TIM_ITRx_SetConfig  rt-thread.lib(stm32f1xx_hal_tim.o)
    0x08003906   0x08003906   0x00000002   PAD
    0x08003908   0x08003908   0x00000070   Code   RO         5552    i.TIM_OC1_SetConfig  rt-thread.lib(stm32f1xx_hal_tim.o)
    0x08003978   0x08003978   0x0000007c   Code   RO         5553    i.TIM_OC2_SetConfig  rt-thread.lib(stm32f1xx_hal_tim.o)
    0x080039f4   0x080039f4   0x00000078   Code   RO         5554    i.TIM_OC3_SetConfig  rt-thread.lib(stm32f1xx_hal_tim.o)
    0x08003a6c   0x08003a6c   0x00000054   Code   RO         5555    i.TIM_OC4_SetConfig  rt-thread.lib(stm32f1xx_hal_tim.o)
    0x08003ac0   0x08003ac0   0x00000026   Code   RO         5557    i.TIM_TI1_ConfigInputStage  rt-thread.lib(stm32f1xx_hal_tim.o)
    0x08003ae6   0x08003ae6   0x00000028   Code   RO         5559    i.TIM_TI2_ConfigInputStage  rt-thread.lib(stm32f1xx_hal_tim.o)
    0x08003b0e   0x08003b0e   0x00000014   Code   RO         5156    i.UART_DMAAbortOnError  rt-thread.lib(stm32f1xx_hal_uart.o)
    0x08003b22   0x08003b22   0x00000050   Code   RO         5157    i.UART_DMAError     rt-thread.lib(stm32f1xx_hal_uart.o)
    0x08003b72   0x08003b72   0x00000046   Code   RO         5158    i.UART_DMAReceiveCplt  rt-thread.lib(stm32f1xx_hal_uart.o)
    0x08003bb8   0x08003bb8   0x0000000e   Code   RO         5160    i.UART_DMARxHalfCplt  rt-thread.lib(stm32f1xx_hal_uart.o)
    0x08003bc6   0x08003bc6   0x00000036   Code   RO         5162    i.UART_DMATransmitCplt  rt-thread.lib(stm32f1xx_hal_uart.o)
    0x08003bfc   0x08003bfc   0x0000000e   Code   RO         5164    i.UART_DMATxHalfCplt  rt-thread.lib(stm32f1xx_hal_uart.o)
    0x08003c0a   0x08003c0a   0x00000020   Code   RO         5166    i.UART_EndRxTransfer  rt-thread.lib(stm32f1xx_hal_uart.o)
    0x08003c2a   0x08003c2a   0x00000020   Code   RO         5167    i.UART_EndTransmit_IT  rt-thread.lib(stm32f1xx_hal_uart.o)
    0x08003c4a   0x08003c4a   0x00000014   Code   RO         5168    i.UART_EndTxTransfer  rt-thread.lib(stm32f1xx_hal_uart.o)
    0x08003c5e   0x08003c5e   0x000000a6   Code   RO         5169    i.UART_Receive_IT   rt-thread.lib(stm32f1xx_hal_uart.o)
    0x08003d04   0x08003d04   0x000001a0   Code   RO         5170    i.UART_SetConfig    rt-thread.lib(stm32f1xx_hal_uart.o)
    0x08003ea4   0x08003ea4   0x00000068   Code   RO         5171    i.UART_Transmit_IT  rt-thread.lib(stm32f1xx_hal_uart.o)
    0x08003f0c   0x08003f0c   0x00000018   Code   RO         1335    i.USART1_IRQHandler  drv_usart.o
    0x08003f24   0x08003f24   0x00000018   Code   RO         1336    i.USART2_IRQHandler  drv_usart.o
    0x08003f3c   0x08003f3c   0x00000004   Code   RO         1596    i._Error_Handler    drv_common.o
    0x08003f40   0x08003f40   0x0000001c   Code   RO         2338    i._Z10Float2BytePfPhh  datascope.o
    0x08003f5c   0x08003f5c   0x00000470   Code   RO            4    i._Z10robot_ctrlhPPc  main.o
    0x080043cc   0x080043cc   0x0000005c   Code   RO            5    i._Z10rt_fprintfPKcf  main.o
    0x08004428   0x08004428   0x00000014   Code   RO            6    i._Z10uart_inputP9rt_devicem  main.o
    0x0800443c   0x0800443c   0x00000010   Code   RO            7    i._Z11PID_controlPv  main.o
    0x0800444c   0x0800444c   0x00000138   Code   RO            8    i._Z11print_debugPN3ros11NodeHandle_I11RTTHardwareLi25ELi25ELi512ELi512EEE  main.o
    0x08004584   0x08004584   0x0000004c   Code   RO            9    i._Z11publish_imuP10Imu_SensorPN8mbs_msgs3ImuEPN3ros11NodeHandle_I11RTTHardwareLi25ELi25ELi512ELi512EEEPNS4_9PublisherE  main.o
    0x080045d0   0x080045d0   0x00000018   Code   RO           10    i._Z12pid_callbackRKN8mbs_msgs3PIDE  main.o
    0x080045e8   0x080045e8   0x0000003c   Code   RO           11    i._Z16command_callbackRKN13geometry_msgs5TwistE  main.o
    0x08004624   0x08004624   0x00000048   Code   RO         2371    i._Z17push_serial_scopeN13geometry_msgs7Vector3ES0_  imu_dev.o
    0x0800466c   0x0800466c   0x000001fc   Code   RO           12    i._Z22rosserial_thread_entryPv  main.o
    0x08004868   0x08004868   0x00000098   Code   RO         2339    i._Z23DataScope_Data_Generateh  datascope.o
    0x08004900   0x08004900   0x00000046   Code   RO           13    i._Z23publish_linear_velocityP8DC_MotorS0_S0_S0_P10KinematicsPN8mbs_msgs10VelocitiesEPN3ros9PublisherE  main.o
    0x08004946   0x08004946   0x00000002   PAD
    0x08004948   0x08004948   0x000000a4   Code   RO         2340    i._Z26DataScope_Get_Channel_Datafh  datascope.o
    0x080049ec   0x080049ec   0x00000158   Code   RO           14    i._Z8rostopichPPc   main.o
    0x08004b44   0x08004b44   0x000001dc   Code   RO         2373    i._Z9imu_printN13geometry_msgs7Vector3ES0_  imu_dev.o
    0x08004d20   0x08004d20   0x000000cc   Code   RO           15    i._Z9move_baseP8DC_MotorS0_S0_S0_P10Kinematics  main.o
    0x08004dec   0x08004dec   0x00000024   Code   RO           16    i._Z9stop_basev     main.o
    0x08004e10   0x08004e10   0x00000110   Code   RO         2374    i._ZN10Imu_Sensor17measure_gyroscopeEv  imu_dev.o
    0x08004f20   0x08004f20   0x00000094   Code   RO         2375    i._ZN10Imu_Sensor20measure_accelerationEv  imu_dev.o
    0x08004fb4   0x08004fb4   0x00000074   Code   RO         2376    i._ZN10Imu_Sensor20measure_magnetometerEv  imu_dev.o
    0x08005028   0x08005028   0x00000068   Code   RO         2377    i._ZN10Imu_Sensor4initEv  imu_dev.o
    0x08005090   0x08005090   0x0000012c   Code   RO         2095    i._ZN10Kinematics13getVelocitiesEiiii  kinematics.o
    0x080051bc   0x080051bc   0x000000c8   Code   RO         2097    i._ZN10Kinematics6getRPMEfff  kinematics.o
    0x08005284   0x08005284   0x00000078   Code   RO         2099    i._ZN10KinematicsC1Eiffi  kinematics.o
    0x080052fc   0x080052fc   0x00000020   Code   RO         2183    i._ZN11Mecanum_Car10PID_RunSpdEi  car.o
    0x0800531c   0x0800531c   0x00000040   Code   RO         2184    i._ZN11Mecanum_Car10Update_PIDEfff  car.o
    0x0800535c   0x0800535c   0x00000026   Code   RO         2186    i._ZN11Mecanum_Car13Increment_PIDEv  car.o
    0x08005382   0x08005382   0x00000002   PAD
    0x08005384   0x08005384   0x00000040   Code   RO         2187    i._ZN11Mecanum_Car4InitEv  car.o
    0x080053c4   0x080053c4   0x00000098   Code   RO          287    i._ZN11RTTHardware4initEv  main.o
    0x0800545c   0x0800545c   0x00000014   Code   RO          275    i._ZN11RTTHardware4timeEv  main.o
    0x08005470   0x08005470   0x0000001c   Code   RO          311    i._ZN11RTTHardware5writeEPhi  main.o
    0x0800548c   0x0800548c   0x00000022   Code   RO          245    i._ZN13geometry_msgs5Twist11deserializeEPh  main.o
    0x080054ae   0x080054ae   0x00000002   PAD
    0x080054b0   0x080054b0   0x0000000c   Code   RO          411    i._ZN13geometry_msgs5Twist6getMD5Ev  main.o
    0x080054bc   0x080054bc   0x0000000c   Code   RO          399    i._ZN13geometry_msgs5Twist7getTypeEv  main.o
    0x080054c8   0x080054c8   0x0000002e   Code   RO          239    i._ZN13geometry_msgs7Vector311deserializeEPh  main.o
    0x080054f6   0x080054f6   0x00000002   PAD
    0x080054f8   0x080054f8   0x0000000c   Code   RO          555    i._ZN13geometry_msgs7Vector36getMD5Ev  main.o
    0x08005504   0x08005504   0x0000000c   Code   RO          549    i._ZN13geometry_msgs7Vector37getTypeEv  main.o
    0x08005510   0x08005510   0x0000001c   Code   RO         2419    i._ZN13geometry_msgs7Vector3C1ERKS0_  imu_dev.o
    0x0800552c   0x0800552c   0x00000020   Code   RO          209    i._ZN13geometry_msgs7Vector3C1Ev  main.o
    0x0800554c   0x0800554c   0x0000000e   Code   RO          263    i._ZN13geometry_msgs7Vector3aSERKS0_  main.o
    0x0800555a   0x0800555a   0x00000184   Code   RO          177    i._ZN14rosserial_msgs20RequestParamResponse11deserializeEPh  main.o
    0x080056de   0x080056de   0x00000002   PAD
    0x080056e0   0x080056e0   0x0000000c   Code   RO          543    i._ZN14rosserial_msgs20RequestParamResponse6getMD5Ev  main.o
    0x080056ec   0x080056ec   0x0000000c   Code   RO          537    i._ZN14rosserial_msgs20RequestParamResponse7getTypeEv  main.o
    0x080056f8   0x080056f8   0x0000000c   Code   RO          525    i._ZN14rosserial_msgs3Log6getMD5Ev  main.o
    0x08005704   0x08005704   0x0000000c   Code   RO          519    i._ZN14rosserial_msgs3Log7getTypeEv  main.o
    0x08005710   0x08005710   0x0000000c   Code   RO          501    i._ZN14rosserial_msgs9TopicInfo6getMD5Ev  main.o
    0x0800571c   0x0800571c   0x0000000c   Code   RO          495    i._ZN14rosserial_msgs9TopicInfo7getTypeEv  main.o
    0x08005728   0x08005728   0x0000000c   Code   RO          317    i._ZN3ros11Subscriber_C2Ev  main.o
    0x08005734   0x08005734   0x00000024   Code   RO         3965    i._ZN3ros16normalizeSecNSecERjS0_  rt-thread.lib(time.o)
    0x08005758   0x08005758   0x00000070   Code   RO          215    i._ZN3ros3Msg19serializeAvrFloat64EPhf  main.o
    0x080057c8   0x080057c8   0x0000006a   Code   RO          221    i._ZN3ros3Msg21deserializeAvrFloat64EPKhPf  main.o
    0x08005832   0x08005832   0x00000002   PAD
    0x08005834   0x08005834   0x0000000c   Code   RO          266    i._ZN3ros3MsgC2Ev   main.o
    0x08005840   0x08005840   0x00000014   Code   RO          144    i._ZN3ros9Publisher7publishEPKNS_3MsgE  main.o
    0x08005854   0x08005854   0x00000008   Code   RO          293    i._ZN3ros9PublisherC1EPKcPNS_3MsgEi  main.o
    0x0800585c   0x0800585c   0x00000044   Code   RO         2145    i._ZN7Battery20get_battery_notifierEv  battery.o
    0x080058a0   0x080058a0   0x0000005c   Code   RO         2146    i._ZN7Battery4initEv  battery.o
    0x080058fc   0x080058fc   0x0000005c   Code   RO         2147    i._ZN7Battery8get_voltEv  battery.o
    0x08005958   0x08005958   0x00000008   Code   RO         2148    i._ZN7BatteryC1Efff  battery.o
    0x08005960   0x08005960   0x00000008   Code   RO         2277    i._ZN8DC_Motor10Update_PIDEfff  motors.o
    0x08005968   0x08005968   0x000000a0   Code   RO         2278    i._ZN8DC_Motor15Incremental_PIDEi  motors.o
    0x08005a08   0x08005a08   0x00000030   Code   RO         2279    i._ZN8DC_Motor4initEP13rt_device_pwmh  motors.o
    0x08005a38   0x08005a38   0x00000070   Code   RO         2280    i._ZN8DC_Motor6runSpdEi  motors.o
    0x08005aa8   0x08005aa8   0x00000080   Code   RO         2281    i._ZN8DC_Motor9read_odomEv  motors.o
    0x08005b28   0x08005b28   0x000000fc   Code   RO         2282    i._ZN8DC_Motor9updateSpdEv  motors.o
    0x08005c24   0x08005c24   0x0000006c   Code   RO         2283    i._ZN8DC_MotorC1Eh  motors.o
    0x08005c90   0x08005c90   0x0000000c   Code   RO          591    i._ZN8mbs_msgs10Velocities6getMD5Ev  main.o
    0x08005c9c   0x08005c9c   0x0000000c   Code   RO          585    i._ZN8mbs_msgs10Velocities7getTypeEv  main.o
    0x08005ca8   0x08005ca8   0x0000000c   Code   RO          615    i._ZN8mbs_msgs3Imu6getMD5Ev  main.o
    0x08005cb4   0x08005cb4   0x0000000c   Code   RO          609    i._ZN8mbs_msgs3Imu7getTypeEv  main.o
    0x08005cc0   0x08005cc0   0x000000aa   Code   RO          251    i._ZN8mbs_msgs3PID11deserializeEPh  main.o
    0x08005d6a   0x08005d6a   0x00000002   PAD
    0x08005d6c   0x08005d6c   0x0000000c   Code   RO          447    i._ZN8mbs_msgs3PID6getMD5Ev  main.o
    0x08005d78   0x08005d78   0x0000000c   Code   RO          435    i._ZN8mbs_msgs3PID7getTypeEv  main.o
    0x08005d84   0x08005d84   0x0000005c   Code   RO          183    i._ZN8std_msgs4Time11deserializeEPh  main.o
    0x08005de0   0x08005de0   0x0000000c   Code   RO          477    i._ZN8std_msgs4Time6getMD5Ev  main.o
    0x08005dec   0x08005dec   0x0000000c   Code   RO          471    i._ZN8std_msgs4Time7getTypeEv  main.o
    0x08005df8   0x08005df8   0x00000024   Code   RO          158    i._ZN8std_msgs4TimeC1Ev  main.o
    0x08005e1c   0x08005e1c   0x00000022   Code   RO          561    i._ZNK13geometry_msgs5Twist9serializeEPh  main.o
    0x08005e3e   0x08005e3e   0x0000002a   Code   RO          257    i._ZNK13geometry_msgs7Vector39serializeEPh  main.o
    0x08005e68   0x08005e68   0x00000100   Code   RO          531    i._ZNK14rosserial_msgs20RequestParamResponse9serializeEPh  main.o
    0x08005f68   0x08005f68   0x00000034   Code   RO          507    i._ZNK14rosserial_msgs3Log9serializeEPh  main.o
    0x08005f9c   0x08005f9c   0x0000009a   Code   RO          483    i._ZNK14rosserial_msgs9TopicInfo9serializeEPh  main.o
    0x08006036   0x08006036   0x0000006e   Code   RO          573    i._ZNK8mbs_msgs10Velocities9serializeEPh  main.o
    0x080060a4   0x080060a4   0x0000002e   Code   RO          597    i._ZNK8mbs_msgs3Imu9serializeEPh  main.o
    0x080060d2   0x080060d2   0x0000006e   Code   RO          567    i._ZNK8mbs_msgs3PID9serializeEPh  main.o
    0x08006140   0x08006140   0x00000044   Code   RO          465    i._ZNK8std_msgs4Time9serializeEPh  main.o
    0x08006184   0x08006184   0x00000028   Code   RO         7764    i.__ARM_fpclassify  m_ws.l(fpclassify.o)
    0x080061ac   0x080061ac   0x00000010   Code   RO         4664    i.__NVIC_GetPriorityGrouping  rt-thread.lib(stm32f1xx_hal_cortex.o)
    0x080061bc   0x080061bc   0x00000028   Code   RO         4665    i.__NVIC_SetPriority  rt-thread.lib(stm32f1xx_hal_cortex.o)
    0x080061e4   0x080061e4   0x00000038   Code   RO         2020    i.__cxa_pure_virtual  crt.o
    0x0800621c   0x0800621c   0x000000aa   Code   RO         7766    i.__kernel_poly     m_ws.l(poly.o)
    0x080062c6   0x080062c6   0x00000002   PAD
    0x080062c8   0x080062c8   0x00000010   Code   RO         7750    i.__mathlib_dbl_divzero  m_ws.l(dunder.o)
    0x080062d8   0x080062d8   0x00000004   Code   RO         7752    i.__mathlib_dbl_infnan2  m_ws.l(dunder.o)
    0x080062dc   0x080062dc   0x0000000c   Code   RO         7753    i.__mathlib_dbl_invalid  m_ws.l(dunder.o)
    0x080062e8   0x080062e8   0x0000000e   Code   RO         7754    i.__mathlib_dbl_overflow  m_ws.l(dunder.o)
    0x080062f6   0x080062f6   0x00000002   PAD
    0x080062f8   0x080062f8   0x00000010   Code   RO         7756    i.__mathlib_dbl_underflow  m_ws.l(dunder.o)
    0x08006308   0x08006308   0x0000018c   Code   RO           17    i.__sti___8_main_cpp_894432ed  main.o
    0x08006494   0x08006494   0x00000046   Code   RO         4145    i._adc_control      rt-thread.lib(adc.o)
    0x080064da   0x080064da   0x00000042   Code   RO         4146    i._adc_read         rt-thread.lib(adc.o)
    0x0800651c   0x0800651c   0x00000028   Code   RO         6725    i._get_highest_priority_thread  rt-thread.lib(scheduler.o)
    0x08006544   0x08006544   0x00000014   Code   RO         6565    i._has_defunct_thread  rt-thread.lib(idle.o)
    0x08006558   0x08006558   0x00000098   Code   RO         7352    i._msh_exec_cmd     rt-thread.lib(msh.o)
    0x080065f0   0x080065f0   0x00000048   Code   RO         4076    i._pin_control      rt-thread.lib(pin.o)
    0x08006638   0x08006638   0x00000054   Code   RO         4077    i._pin_read         rt-thread.lib(pin.o)
    0x0800668c   0x0800668c   0x00000054   Code   RO         4078    i._pin_write        rt-thread.lib(pin.o)
    0x080066e0   0x080066e0   0x0000002a   Code   RO         4196    i._pwm_control      rt-thread.lib(rt_drv_pwm.o)
    0x0800670a   0x0800670a   0x00000048   Code   RO         4197    i._pwm_read         rt-thread.lib(rt_drv_pwm.o)
    0x08006752   0x08006752   0x00000060   Code   RO         4198    i._pwm_write        rt-thread.lib(rt_drv_pwm.o)
    0x080067b2   0x080067b2   0x00000002   PAD
    0x080067b4   0x080067b4   0x000000c8   Code   RO         6726    i._rt_scheduler_stack_check  rt-thread.lib(scheduler.o)
    0x0800687c   0x0800687c   0x000000d0   Code   RO         3332    i._rt_thread_init   rt-thread.lib(thread.o)
    0x0800694c   0x0800694c   0x00000042   Code   RO         3481    i._rt_timer_init    rt-thread.lib(timer.o)
    0x0800698e   0x0800698e   0x0000002e   Code   RO         3482    i._rt_timer_remove  rt-thread.lib(timer.o)
    0x080069bc   0x080069bc   0x00000048   Code   RO         4276    i._serial_check_buffer_size  rt-thread.lib(serial.o)
    0x08006a04   0x08006a04   0x00000194   Code   RO         4277    i._serial_dma_rx    rt-thread.lib(serial.o)
    0x08006b98   0x08006b98   0x0000005c   Code   RO         4278    i._serial_dma_tx    rt-thread.lib(serial.o)
    0x08006bf4   0x08006bf4   0x00000064   Code   RO         4279    i._serial_fifo_calc_recved_len  rt-thread.lib(serial.o)
    0x08006c58   0x08006c58   0x000000b8   Code   RO         4280    i._serial_int_rx    rt-thread.lib(serial.o)
    0x08006d10   0x08006d10   0x00000070   Code   RO         4281    i._serial_int_tx    rt-thread.lib(serial.o)
    0x08006d80   0x08006d80   0x0000005c   Code   RO         4282    i._serial_poll_rx   rt-thread.lib(serial.o)
    0x08006ddc   0x08006ddc   0x00000054   Code   RO         4283    i._serial_poll_tx   rt-thread.lib(serial.o)
    0x08006e30   0x08006e30   0x00000344   Code   RO         4147    i.adc               rt-thread.lib(adc.o)
    0x08007174   0x08007174   0x0000001e   Code   RO         1016    i.bit2bitno         drv_gpio.o
    0x08007192   0x08007192   0x00000002   PAD
    0x08007194   0x08007194   0x000000fc   Code   RO         4009    i.bus_fault_track   rt-thread.lib(cpuport.o)
    0x08007290   0x08007290   0x0000000e   Code   RO         7353    i.cmd_free          rt-thread.lib(msh.o)
    0x0800729e   0x0800729e   0x0000000e   Code   RO         7354    i.cmd_ps            rt-thread.lib(msh.o)
    0x080072ac   0x080072ac   0x00000020   Code   RO         2074    i.cplusplus_system_init  crt_init.o
    0x080072cc   0x080072cc   0x00000088   Code   RO         1337    i.dma_isr           drv_usart.o
    0x08007354   0x08007354   0x00000054   Code   RO         1487    i.drv_pwm_control   drv_pwm.o
    0x080073a8   0x080073a8   0x0000002a   Code   RO         1488    i.drv_pwm_enable    drv_pwm.o
    0x080073d2   0x080073d2   0x00000002   PAD
    0x080073d4   0x080073d4   0x000000d8   Code   RO         1489    i.drv_pwm_get       drv_pwm.o
    0x080074ac   0x080074ac   0x00000120   Code   RO         1490    i.drv_pwm_set       drv_pwm.o
    0x080075cc   0x080075cc   0x00000074   Code   RO         7231    i.finsh_get_prompt  rt-thread.lib(shell.o)
    0x08007640   0x08007640   0x0000005c   Code   RO         7233    i.finsh_getchar     rt-thread.lib(shell.o)
    0x0800769c   0x0800769c   0x00000040   Code   RO         7234    i.finsh_rx_ind      rt-thread.lib(shell.o)
    0x080076dc   0x080076dc   0x000000dc   Code   RO         7235    i.finsh_set_device  rt-thread.lib(shell.o)
    0x080077b8   0x080077b8   0x00000048   Code   RO         7238    i.finsh_set_prompt_mode  rt-thread.lib(shell.o)
    0x08007800   0x08007800   0x00000014   Code   RO         7239    i.finsh_system_function_init  rt-thread.lib(shell.o)
    0x08007814   0x08007814   0x0000009c   Code   RO         7240    i.finsh_system_init  rt-thread.lib(shell.o)
    0x080078b0   0x080078b0   0x00000504   Code   RO         7242    i.finsh_thread_entry  rt-thread.lib(shell.o)
    0x08007db4   0x08007db4   0x00000024   Code   RO         1017    i.get_pin           drv_gpio.o
    0x08007dd8   0x08007dd8   0x00000080   Code   RO         4010    i.hard_fault_track  rt-thread.lib(cpuport.o)
    0x08007e58   0x08007e58   0x00000020   Code   RO         6946    i.hello             rt-thread.lib(cmd.o)
    0x08007e78   0x08007e78   0x000000c8   Code   RO         1710    i.hw_pulse_encoder_init  drv_pulse_encoder.o
    0x08007f40   0x08007f40   0x00000180   Code   RO         4426    i.i2c_bit_send_address  rt-thread.lib(i2c-bit-ops.o)
    0x080080c0   0x080080c0   0x0000009c   Code   RO         4427    i.i2c_bit_xfer      rt-thread.lib(i2c-bit-ops.o)
    0x0800815c   0x0800815c   0x00000088   Code   RO         7201    i.i2c_bus_device_control  rt-thread.lib(i2c_dev.o)
    0x080081e4   0x080081e4   0x00000074   Code   RO         7202    i.i2c_bus_device_read  rt-thread.lib(i2c_dev.o)
    0x08008258   0x08008258   0x00000074   Code   RO         7203    i.i2c_bus_device_write  rt-thread.lib(i2c_dev.o)
    0x080082cc   0x080082cc   0x00000010   Code   RO         4428    i.i2c_delay         rt-thread.lib(i2c-bit-ops.o)
    0x080082dc   0x080082dc   0x0000000c   Code   RO         4429    i.i2c_delay2        rt-thread.lib(i2c-bit-ops.o)
    0x080082e8   0x080082e8   0x00000058   Code   RO         4430    i.i2c_readb         rt-thread.lib(i2c-bit-ops.o)
    0x08008340   0x08008340   0x00000056   Code   RO         4431    i.i2c_recv_bytes    rt-thread.lib(i2c-bit-ops.o)
    0x08008396   0x08008396   0x00000030   Code   RO         4432    i.i2c_restart       rt-thread.lib(i2c-bit-ops.o)
    0x080083c6   0x080083c6   0x00000002   PAD
    0x080083c8   0x080083c8   0x0000007c   Code   RO         4433    i.i2c_send_ack_or_nack  rt-thread.lib(i2c-bit-ops.o)
    0x08008444   0x08008444   0x00000048   Code   RO         4434    i.i2c_send_address  rt-thread.lib(i2c-bit-ops.o)
    0x0800848c   0x0800848c   0x00000098   Code   RO         4435    i.i2c_send_bytes    rt-thread.lib(i2c-bit-ops.o)
    0x08008524   0x08008524   0x0000001c   Code   RO         4436    i.i2c_start         rt-thread.lib(i2c-bit-ops.o)
    0x08008540   0x08008540   0x0000002e   Code   RO         4437    i.i2c_stop          rt-thread.lib(i2c-bit-ops.o)
    0x0800856e   0x0800856e   0x00000002   PAD
    0x08008570   0x08008570   0x00000080   Code   RO         4438    i.i2c_waitack       rt-thread.lib(i2c-bit-ops.o)
    0x080085f0   0x080085f0   0x0000005a   Code   RO         4439    i.i2c_writeb        rt-thread.lib(i2c-bit-ops.o)
    0x0800864a   0x0800864a   0x00000002   PAD
    0x0800864c   0x0800864c   0x00000068   Code   RO         6947    i.list              rt-thread.lib(cmd.o)
    0x080086b4   0x080086b4   0x00000118   Code   RO         6948    i.list_device       rt-thread.lib(cmd.o)
    0x080087cc   0x080087cc   0x00000144   Code   RO         6949    i.list_event        rt-thread.lib(cmd.o)
    0x08008910   0x08008910   0x0000002a   Code   RO         6950    i.list_find_init    rt-thread.lib(cmd.o)
    0x0800893a   0x0800893a   0x00000088   Code   RO         6951    i.list_get_next     rt-thread.lib(cmd.o)
    0x080089c2   0x080089c2   0x00000002   PAD
    0x080089c4   0x080089c4   0x0000015c   Code   RO         6952    i.list_mailbox      rt-thread.lib(cmd.o)
    0x08008b20   0x08008b20   0x00000078   Code   RO         3242    i.list_mem          rt-thread.lib(mem.o)
    0x08008b98   0x08008b98   0x00000120   Code   RO         6953    i.list_memheap      rt-thread.lib(cmd.o)
    0x08008cb8   0x08008cb8   0x00000174   Code   RO         6954    i.list_mempool      rt-thread.lib(cmd.o)
    0x08008e2c   0x08008e2c   0x00000144   Code   RO         6955    i.list_msgqueue     rt-thread.lib(cmd.o)
    0x08008f70   0x08008f70   0x0000010c   Code   RO         6956    i.list_mutex        rt-thread.lib(cmd.o)
    0x0800907c   0x0800907c   0x00000138   Code   RO         6957    i.list_sem          rt-thread.lib(cmd.o)
    0x080091b4   0x080091b4   0x000001e4   Code   RO         6958    i.list_thread       rt-thread.lib(cmd.o)
    0x08009398   0x08009398   0x00000160   Code   RO         6959    i.list_timer        rt-thread.lib(cmd.o)
    0x080094f8   0x080094f8   0x000001a4   Code   RO           18    i.main              main.o
    0x0800969c   0x0800969c   0x0000000e   Code   RO         2561    i.main_thread_entry  rt-thread.lib(components.o)
    0x080096aa   0x080096aa   0x00000002   PAD
    0x080096ac   0x080096ac   0x000000e8   Code   RO         4011    i.mem_manage_fault_track  rt-thread.lib(cpuport.o)
    0x08009794   0x08009794   0x000004d4   Code   RO         3852    i.mpu6xxx           rt-thread.lib(mpu6xxx.o)
    0x08009c68   0x08009c68   0x00000024   Code   RO         3853    i.mpu6xxx_deinit    rt-thread.lib(mpu6xxx.o)
    0x08009c8c   0x08009c8c   0x00000056   Code   RO         3854    i.mpu6xxx_get_accel  rt-thread.lib(mpu6xxx.o)
    0x08009ce2   0x08009ce2   0x0000004e   Code   RO         3855    i.mpu6xxx_get_accel_raw  rt-thread.lib(mpu6xxx.o)
    0x08009d30   0x08009d30   0x00000054   Code   RO         3856    i.mpu6xxx_get_gyro  rt-thread.lib(mpu6xxx.o)
    0x08009d84   0x08009d84   0x0000004e   Code   RO         3857    i.mpu6xxx_get_gyro_raw  rt-thread.lib(mpu6xxx.o)
    0x08009dd2   0x08009dd2   0x00000002   PAD
    0x08009dd4   0x08009dd4   0x00000104   Code   RO         3858    i.mpu6xxx_get_param  rt-thread.lib(mpu6xxx.o)
    0x08009ed8   0x08009ed8   0x0000008c   Code   RO         3859    i.mpu6xxx_get_temp  rt-thread.lib(mpu6xxx.o)
    0x08009f64   0x08009f64   0x0000002e   Code   RO         3860    i.mpu6xxx_get_temp_raw  rt-thread.lib(mpu6xxx.o)
    0x08009f92   0x08009f92   0x00000002   PAD
    0x08009f94   0x08009f94   0x0000041c   Code   RO         3861    i.mpu6xxx_init      rt-thread.lib(mpu6xxx.o)
    0x0800a3b0   0x0800a3b0   0x00000032   Code   RO         3862    i.mpu6xxx_read_bit  rt-thread.lib(mpu6xxx.o)
    0x0800a3e2   0x0800a3e2   0x00000054   Code   RO         3863    i.mpu6xxx_read_bits  rt-thread.lib(mpu6xxx.o)
    0x0800a436   0x0800a436   0x00000056   Code   RO         3864    i.mpu6xxx_read_regs  rt-thread.lib(mpu6xxx.o)
    0x0800a48c   0x0800a48c   0x0000010c   Code   RO         3865    i.mpu6xxx_set_param  rt-thread.lib(mpu6xxx.o)
    0x0800a598   0x0800a598   0x0000004e   Code   RO         3866    i.mpu6xxx_write_bit  rt-thread.lib(mpu6xxx.o)
    0x0800a5e6   0x0800a5e6   0x00000060   Code   RO         3867    i.mpu6xxx_write_bits  rt-thread.lib(mpu6xxx.o)
    0x0800a646   0x0800a646   0x0000004e   Code   RO         3868    i.mpu6xxx_write_reg  rt-thread.lib(mpu6xxx.o)
    0x0800a694   0x0800a694   0x000000a0   Code   RO         7355    i.msh_auto_complete  rt-thread.lib(msh.o)
    0x0800a734   0x0800a734   0x0000006c   Code   RO         7356    i.msh_exec          rt-thread.lib(msh.o)
    0x0800a7a0   0x0800a7a0   0x0000005c   Code   RO         7357    i.msh_get_cmd       rt-thread.lib(msh.o)
    0x0800a7fc   0x0800a7fc   0x00000080   Code   RO         7358    i.msh_help          rt-thread.lib(msh.o)
    0x0800a87c   0x0800a87c   0x00000004   Code   RO         7359    i.msh_is_used       rt-thread.lib(msh.o)
    0x0800a880   0x0800a880   0x000000f0   Code   RO         7360    i.msh_split         rt-thread.lib(msh.o)
    0x0800a970   0x0800a970   0x0000001c   Code   RO         6960    i.object_split      rt-thread.lib(cmd.o)
    0x0800a98c   0x0800a98c   0x0000010c   Code   RO         3243    i.plug_holes        rt-thread.lib(mem.o)
    0x0800aa98   0x0800aa98   0x000009d8   Code   RO         7664    i.pow               m_ws.l(pow.o)
    0x0800b470   0x0800b470   0x00000198   Code   RO         3041    i.print_number      rt-thread.lib(kservice.o)
    0x0800b608   0x0800b608   0x00000010   Code   RO         1711    i.pulse_encoder_clear_count  drv_pulse_encoder.o
    0x0800b618   0x0800b618   0x00000052   Code   RO         1712    i.pulse_encoder_control  drv_pulse_encoder.o
    0x0800b66a   0x0800b66a   0x00000016   Code   RO         1713    i.pulse_encoder_get_count  drv_pulse_encoder.o
    0x0800b680   0x0800b680   0x00000160   Code   RO         1714    i.pulse_encoder_init  drv_pulse_encoder.o
    0x0800b7e0   0x0800b7e0   0x00000012   Code   RO         1715    i.pulse_encoder_set_count  drv_pulse_encoder.o
    0x0800b7f2   0x0800b7f2   0x000000b4   Code   RO         1716    i.pulse_encoder_update_isr  drv_pulse_encoder.o
    0x0800b8a6   0x0800b8a6   0x00000002   PAD
    0x0800b8a8   0x0800b8a8   0x00000060   Code   RO         4199    i.pwm_disable       rt-thread.lib(rt_drv_pwm.o)
    0x0800b908   0x0800b908   0x00000060   Code   RO         4200    i.pwm_enable        rt-thread.lib(rt_drv_pwm.o)
    0x0800b968   0x0800b968   0x00000040   Code   RO         1491    i.pwm_get_channel   drv_pwm.o
    0x0800b9a8   0x0800b9a8   0x00000078   Code   RO         4201    i.pwm_set           rt-thread.lib(rt_drv_pwm.o)
    0x0800ba20   0x0800ba20   0x0000000c   Code   RO         1597    i.reboot            drv_common.o
    0x0800ba2c   0x0800ba2c   0x0000003c   Code   RO         4148    i.rt_adc_disable    rt-thread.lib(adc.o)
    0x0800ba68   0x0800ba68   0x0000003c   Code   RO         4149    i.rt_adc_enable     rt-thread.lib(adc.o)
    0x0800baa4   0x0800baa4   0x0000002c   Code   RO         4150    i.rt_adc_read       rt-thread.lib(adc.o)
    0x0800bad0   0x0800bad0   0x00000050   Code   RO         2562    i.rt_application_init  rt-thread.lib(components.o)
    0x0800bb20   0x0800bb20   0x00000074   Code   RO         3042    i.rt_assert_handler  rt-thread.lib(kservice.o)
    0x0800bb94   0x0800bb94   0x00000022   Code   RO         3244    i.rt_calloc         rt-thread.lib(mem.o)
    0x0800bbb6   0x0800bbb6   0x00000002   PAD
    0x0800bbb8   0x0800bbb8   0x00000068   Code   RO         6809    i.rt_completion_done  rt-thread.lib(completion.o)
    0x0800bc20   0x0800bc20   0x00000048   Code   RO         6810    i.rt_completion_init  rt-thread.lib(completion.o)
    0x0800bc68   0x0800bc68   0x00000140   Code   RO         6811    i.rt_completion_wait  rt-thread.lib(completion.o)
    0x0800bda8   0x0800bda8   0x0000001c   Code   RO         2563    i.rt_components_board_init  rt-thread.lib(components.o)
    0x0800bdc4   0x0800bdc4   0x0000001c   Code   RO         2564    i.rt_components_init  rt-thread.lib(components.o)
    0x0800bde0   0x0800bde0   0x0000000c   Code   RO         3044    i.rt_console_get_device  rt-thread.lib(kservice.o)
    0x0800bdec   0x0800bdec   0x00000034   Code   RO         3045    i.rt_console_set_device  rt-thread.lib(kservice.o)
    0x0800be20   0x0800be20   0x00000064   Code   RO         6842    i.rt_data_queue_init  rt-thread.lib(dataqueue.o)
    0x0800be84   0x0800be84   0x00000080   Code   RO         6843    i.rt_data_queue_peak  rt-thread.lib(dataqueue.o)
    0x0800bf04   0x0800bf04   0x000001c0   Code   RO         6844    i.rt_data_queue_pop  rt-thread.lib(dataqueue.o)
    0x0800c0c4   0x0800c0c4   0x00000160   Code   RO         6845    i.rt_data_queue_push  rt-thread.lib(dataqueue.o)
    0x0800c224   0x0800c224   0x000000ac   Code   RO         2629    i.rt_device_close   rt-thread.lib(device.o)
    0x0800c2d0   0x0800c2d0   0x00000094   Code   RO         2630    i.rt_device_control  rt-thread.lib(device.o)
    0x0800c364   0x0800c364   0x0000007c   Code   RO         2633    i.rt_device_find    rt-thread.lib(device.o)
    0x0800c3e0   0x0800c3e0   0x00000148   Code   RO         2636    i.rt_device_open    rt-thread.lib(device.o)
    0x0800c528   0x0800c528   0x00000048   Code   RO         4079    i.rt_device_pin_register  rt-thread.lib(pin.o)
    0x0800c570   0x0800c570   0x000000b0   Code   RO         4382    i.rt_device_pulse_encoder_register  rt-thread.lib(pulse_encoder.o)
    0x0800c620   0x0800c620   0x00000054   Code   RO         4202    i.rt_device_pwm_register  rt-thread.lib(rt_drv_pwm.o)
    0x0800c674   0x0800c674   0x000000b4   Code   RO         2637    i.rt_device_read    rt-thread.lib(device.o)
    0x0800c728   0x0800c728   0x00000034   Code   RO         2638    i.rt_device_register  rt-thread.lib(device.o)
    0x0800c75c   0x0800c75c   0x00000080   Code   RO         2639    i.rt_device_set_rx_indicate  rt-thread.lib(device.o)
    0x0800c7dc   0x0800c7dc   0x000000b4   Code   RO         2642    i.rt_device_write   rt-thread.lib(device.o)
    0x0800c890   0x0800c890   0x0000000c   Code   RO         4284    i.rt_dma_calc_recved_len  rt-thread.lib(serial.o)
    0x0800c89c   0x0800c89c   0x0000009c   Code   RO         4285    i.rt_dma_recv_update_get_index  rt-thread.lib(serial.o)
    0x0800c938   0x0800c938   0x000000a8   Code   RO         4286    i.rt_dma_recv_update_put_index  rt-thread.lib(serial.o)
    0x0800c9e0   0x0800c9e0   0x00000020   Code   RO         6728    i.rt_enter_critical  rt-thread.lib(scheduler.o)
    0x0800ca00   0x0800ca00   0x00000044   Code   RO         6729    i.rt_exit_critical  rt-thread.lib(scheduler.o)
    0x0800ca44   0x0800ca44   0x00000208   Code   RO         3245    i.rt_free           rt-thread.lib(mem.o)
    0x0800cc4c   0x0800cc4c   0x0000008c   Code   RO         4151    i.rt_hw_adc_register  rt-thread.lib(adc.o)
    0x0800ccd8   0x0800ccd8   0x0000004c   Code   RO         1598    i.rt_hw_board_init  drv_common.o
    0x0800cd24   0x0800cd24   0x00000002   Code   RO         3048    i.rt_hw_console_output  rt-thread.lib(kservice.o)
    0x0800cd26   0x0800cd26   0x00000002   PAD
    0x0800cd28   0x0800cd28   0x00000010   Code   RO         4012    i.rt_hw_cpu_reset   rt-thread.lib(cpuport.o)
    0x0800cd38   0x0800cd38   0x00000208   Code   RO         4015    i.rt_hw_hard_fault_exception  rt-thread.lib(cpuport.o)
    0x0800cf40   0x0800cf40   0x000000c4   Code   RO         1802    i.rt_hw_i2c_init    drv_soft_i2c.o
    0x0800d004   0x0800d004   0x000000d4   Code   RO         1018    i.rt_hw_pin_init    drv_gpio.o
    0x0800d0d8   0x0800d0d8   0x000001e0   Code   RO         4287    i.rt_hw_serial_isr  rt-thread.lib(serial.o)
    0x0800d2b8   0x0800d2b8   0x00000080   Code   RO         4288    i.rt_hw_serial_register  rt-thread.lib(serial.o)
    0x0800d338   0x0800d338   0x0000004c   Code   RO         4016    i.rt_hw_stack_init  rt-thread.lib(cpuport.o)
    0x0800d384   0x0800d384   0x00000026   Code   RO         1599    i.rt_hw_systick_init  drv_common.o
    0x0800d3aa   0x0800d3aa   0x00000002   PAD
    0x0800d3ac   0x0800d3ac   0x000000e4   Code   RO         1338    i.rt_hw_usart_init  drv_usart.o
    0x0800d490   0x0800d490   0x00000018   Code   RO         4440    i.rt_i2c_bit_add_bus  rt-thread.lib(i2c-bit-ops.o)
    0x0800d4a8   0x0800d4a8   0x0000005c   Code   RO         7204    i.rt_i2c_bus_device_device_init  rt-thread.lib(i2c_dev.o)
    0x0800d504   0x0800d504   0x00000084   Code   RO         6901    i.rt_i2c_bus_device_register  rt-thread.lib(i2c_core.o)
    0x0800d588   0x0800d588   0x00000004   Code   RO         6902    i.rt_i2c_core_init  rt-thread.lib(i2c_core.o)
    0x0800d58c   0x0800d58c   0x00000064   Code   RO         6903    i.rt_i2c_master_recv  rt-thread.lib(i2c_core.o)
    0x0800d5f0   0x0800d5f0   0x0000003e   Code   RO         6904    i.rt_i2c_master_send  rt-thread.lib(i2c_core.o)
    0x0800d62e   0x0800d62e   0x00000002   PAD
    0x0800d630   0x0800d630   0x0000008c   Code   RO         6905    i.rt_i2c_transfer   rt-thread.lib(i2c_core.o)
    0x0800d6bc   0x0800d6bc   0x00000038   Code   RO         3001    i.rt_interrupt_enter  rt-thread.lib(irq.o)
    0x0800d6f4   0x0800d6f4   0x0000001c   Code   RO         3003    i.rt_interrupt_get_nest  rt-thread.lib(irq.o)
    0x0800d710   0x0800d710   0x00000038   Code   RO         3004    i.rt_interrupt_leave  rt-thread.lib(irq.o)
    0x0800d748   0x0800d748   0x00000018   Code   RO         2727    i.rt_ipc_list_resume  rt-thread.lib(ipc.o)
    0x0800d760   0x0800d760   0x0000006c   Code   RO         2729    i.rt_ipc_list_suspend  rt-thread.lib(ipc.o)
    0x0800d7cc   0x0800d7cc   0x00000010   Code   RO         2730    i.rt_ipc_object_init  rt-thread.lib(ipc.o)
    0x0800d7dc   0x0800d7dc   0x00000068   Code   RO         3049    i.rt_kprintf        rt-thread.lib(kservice.o)
    0x0800d844   0x0800d844   0x00000054   Code   RO         3050    i.rt_kputs          rt-thread.lib(kservice.o)
    0x0800d898   0x0800d898   0x00000006   Code   RO         2731    i.rt_list_init      rt-thread.lib(ipc.o)
    0x0800d89e   0x0800d89e   0x00000006   Code   RO         3483    i.rt_list_init      rt-thread.lib(timer.o)
    0x0800d8a4   0x0800d8a4   0x00000006   Code   RO         6730    i.rt_list_init      rt-thread.lib(scheduler.o)
    0x0800d8aa   0x0800d8aa   0x00000006   Code   RO         6847    i.rt_list_init      rt-thread.lib(dataqueue.o)
    0x0800d8b0   0x0800d8b0   0x0000000e   Code   RO         3333    i.rt_list_insert_after  rt-thread.lib(thread.o)
    0x0800d8be   0x0800d8be   0x0000000e   Code   RO         3484    i.rt_list_insert_after  rt-thread.lib(timer.o)
    0x0800d8cc   0x0800d8cc   0x0000000e   Code   RO         6618    i.rt_list_insert_after  rt-thread.lib(object.o)
    0x0800d8da   0x0800d8da   0x0000000e   Code   RO         2732    i.rt_list_insert_before  rt-thread.lib(ipc.o)
    0x0800d8e8   0x0800d8e8   0x0000000e   Code   RO         6848    i.rt_list_insert_before  rt-thread.lib(dataqueue.o)
    0x0800d8f6   0x0800d8f6   0x00000010   Code   RO         2733    i.rt_list_isempty   rt-thread.lib(ipc.o)
    0x0800d906   0x0800d906   0x00000010   Code   RO         3485    i.rt_list_isempty   rt-thread.lib(timer.o)
    0x0800d916   0x0800d916   0x00000010   Code   RO         6812    i.rt_list_isempty   rt-thread.lib(completion.o)
    0x0800d926   0x0800d926   0x00000010   Code   RO         6849    i.rt_list_isempty   rt-thread.lib(dataqueue.o)
    0x0800d936   0x0800d936   0x00000010   Code   RO         6961    i.rt_list_isempty   rt-thread.lib(cmd.o)
    0x0800d946   0x0800d946   0x00000014   Code   RO         6962    i.rt_list_len       rt-thread.lib(cmd.o)
    0x0800d95a   0x0800d95a   0x00000012   Code   RO         3334    i.rt_list_remove    rt-thread.lib(thread.o)
    0x0800d96c   0x0800d96c   0x00000012   Code   RO         6619    i.rt_list_remove    rt-thread.lib(object.o)
    0x0800d97e   0x0800d97e   0x00000002   PAD
    0x0800d980   0x0800d980   0x000002bc   Code   RO         3247    i.rt_malloc         rt-thread.lib(mem.o)
    0x0800dc3c   0x0800dc3c   0x0000007c   Code   RO         3053    i.rt_memcpy         rt-thread.lib(kservice.o)
    0x0800dcb8   0x0800dcb8   0x00000042   Code   RO         3054    i.rt_memmove        rt-thread.lib(kservice.o)
    0x0800dcfa   0x0800dcfa   0x00000048   Code   RO         3055    i.rt_memset         rt-thread.lib(kservice.o)
    0x0800dd42   0x0800dd42   0x00000002   PAD
    0x0800dd44   0x0800dd44   0x00000054   Code   RO         2755    i.rt_mutex_init     rt-thread.lib(ipc.o)
    0x0800dd98   0x0800dd98   0x000001b0   Code   RO         2756    i.rt_mutex_release  rt-thread.lib(ipc.o)
    0x0800df48   0x0800df48   0x000001f4   Code   RO         2757    i.rt_mutex_take     rt-thread.lib(ipc.o)
    0x0800e13c   0x0800e13c   0x000000ec   Code   RO         6620    i.rt_object_allocate  rt-thread.lib(object.o)
    0x0800e228   0x0800e228   0x000000a0   Code   RO         6622    i.rt_object_delete  rt-thread.lib(object.o)
    0x0800e2c8   0x0800e2c8   0x0000005c   Code   RO         6623    i.rt_object_detach  rt-thread.lib(object.o)
    0x0800e324   0x0800e324   0x00000028   Code   RO         6626    i.rt_object_get_information  rt-thread.lib(object.o)
    0x0800e34c   0x0800e34c   0x00000034   Code   RO         6627    i.rt_object_get_type  rt-thread.lib(object.o)
    0x0800e380   0x0800e380   0x000000bc   Code   RO         6628    i.rt_object_init    rt-thread.lib(object.o)
    0x0800e43c   0x0800e43c   0x0000003c   Code   RO         6629    i.rt_object_is_systemobject  rt-thread.lib(object.o)
    0x0800e478   0x0800e478   0x00000048   Code   RO         4083    i.rt_pin_mode       rt-thread.lib(pin.o)
    0x0800e4c0   0x0800e4c0   0x00000044   Code   RO         4084    i.rt_pin_read       rt-thread.lib(pin.o)
    0x0800e504   0x0800e504   0x00000048   Code   RO         4085    i.rt_pin_write      rt-thread.lib(pin.o)
    0x0800e54c   0x0800e54c   0x00000020   Code   RO         4383    i.rt_pulse_encoder_close  rt-thread.lib(pulse_encoder.o)
    0x0800e56c   0x0800e56c   0x00000054   Code   RO         4384    i.rt_pulse_encoder_control  rt-thread.lib(pulse_encoder.o)
    0x0800e5c0   0x0800e5c0   0x0000001c   Code   RO         4385    i.rt_pulse_encoder_init  rt-thread.lib(pulse_encoder.o)
    0x0800e5dc   0x0800e5dc   0x00000022   Code   RO         4386    i.rt_pulse_encoder_open  rt-thread.lib(pulse_encoder.o)
    0x0800e5fe   0x0800e5fe   0x00000024   Code   RO         4387    i.rt_pulse_encoder_read  rt-thread.lib(pulse_encoder.o)
    0x0800e622   0x0800e622   0x00000026   Code   RO         4388    i.rt_pulse_encoder_write  rt-thread.lib(pulse_encoder.o)
    0x0800e648   0x0800e648   0x0000002a   Code   RO         4203    i.rt_pwm_disable    rt-thread.lib(rt_drv_pwm.o)
    0x0800e672   0x0800e672   0x0000002a   Code   RO         4204    i.rt_pwm_enable     rt-thread.lib(rt_drv_pwm.o)
    0x0800e69c   0x0800e69c   0x00000038   Code   RO         4205    i.rt_pwm_set        rt-thread.lib(rt_drv_pwm.o)
    0x0800e6d4   0x0800e6d4   0x00000144   Code   RO         6731    i.rt_schedule       rt-thread.lib(scheduler.o)
    0x0800e818   0x0800e818   0x0000009c   Code   RO         6732    i.rt_schedule_insert_thread  rt-thread.lib(scheduler.o)
    0x0800e8b4   0x0800e8b4   0x00000080   Code   RO         6733    i.rt_schedule_remove_thread  rt-thread.lib(scheduler.o)
    0x0800e934   0x0800e934   0x0000006c   Code   RO         2762    i.rt_sem_init       rt-thread.lib(ipc.o)
    0x0800e9a0   0x0800e9a0   0x00000090   Code   RO         2763    i.rt_sem_release    rt-thread.lib(ipc.o)
    0x0800ea30   0x0800ea30   0x000001a4   Code   RO         2764    i.rt_sem_take       rt-thread.lib(ipc.o)
    0x0800ebd4   0x0800ebd4   0x00000184   Code   RO         4289    i.rt_serial_close   rt-thread.lib(serial.o)
    0x0800ed58   0x0800ed58   0x000000a4   Code   RO         4290    i.rt_serial_control  rt-thread.lib(serial.o)
    0x0800edfc   0x0800edfc   0x00000048   Code   RO         4291    i.rt_serial_init    rt-thread.lib(serial.o)
    0x0800ee44   0x0800ee44   0x000002ac   Code   RO         4292    i.rt_serial_open    rt-thread.lib(serial.o)
    0x0800f0f0   0x0800f0f0   0x0000006c   Code   RO         4293    i.rt_serial_read    rt-thread.lib(serial.o)
    0x0800f15c   0x0800f15c   0x0000006c   Code   RO         4294    i.rt_serial_write   rt-thread.lib(serial.o)
    0x0800f1c8   0x0800f1c8   0x00000028   Code   RO         3056    i.rt_set_errno      rt-thread.lib(kservice.o)
    0x0800f1f0   0x0800f1f0   0x0000008c   Code   RO         3057    i.rt_show_version   rt-thread.lib(kservice.o)
    0x0800f27c   0x0800f27c   0x00000022   Code   RO         3059    i.rt_sprintf        rt-thread.lib(kservice.o)
    0x0800f29e   0x0800f29e   0x00000012   Code   RO         3063    i.rt_strlen         rt-thread.lib(kservice.o)
    0x0800f2b0   0x0800f2b0   0x00000028   Code   RO         3064    i.rt_strncmp        rt-thread.lib(kservice.o)
    0x0800f2d8   0x0800f2d8   0x00000034   Code   RO         3065    i.rt_strncpy        rt-thread.lib(kservice.o)
    0x0800f30c   0x0800f30c   0x00000154   Code   RO         3251    i.rt_system_heap_init  rt-thread.lib(mem.o)
    0x0800f460   0x0800f460   0x00000040   Code   RO         6735    i.rt_system_scheduler_init  rt-thread.lib(scheduler.o)
    0x0800f4a0   0x0800f4a0   0x00000028   Code   RO         6736    i.rt_system_scheduler_start  rt-thread.lib(scheduler.o)
    0x0800f4c8   0x0800f4c8   0x0000001c   Code   RO         3486    i.rt_system_timer_init  rt-thread.lib(timer.o)
    0x0800f4e4   0x0800f4e4   0x00000002   Code   RO         3487    i.rt_system_timer_thread_init  rt-thread.lib(timer.o)
    0x0800f4e6   0x0800f4e6   0x00000002   PAD
    0x0800f4e8   0x0800f4e8   0x000000b8   Code   RO         3335    i.rt_thread_control  rt-thread.lib(thread.o)
    0x0800f5a0   0x0800f5a0   0x00000050   Code   RO         3336    i.rt_thread_create  rt-thread.lib(thread.o)
    0x0800f5f0   0x0800f5f0   0x0000000c   Code   RO         3337    i.rt_thread_delay   rt-thread.lib(thread.o)
    0x0800f5fc   0x0800f5fc   0x000000d0   Code   RO         3339    i.rt_thread_delete  rt-thread.lib(thread.o)
    0x0800f6cc   0x0800f6cc   0x00000054   Code   RO         3341    i.rt_thread_exit    rt-thread.lib(thread.o)
    0x0800f720   0x0800f720   0x00000028   Code   RO         6567    i.rt_thread_idle_entry  rt-thread.lib(idle.o)
    0x0800f748   0x0800f748   0x000000e4   Code   RO         6568    i.rt_thread_idle_excute  rt-thread.lib(idle.o)
    0x0800f82c   0x0800f82c   0x00000060   Code   RO         6570    i.rt_thread_idle_init  rt-thread.lib(idle.o)
    0x0800f88c   0x0800f88c   0x0000007c   Code   RO         3343    i.rt_thread_init    rt-thread.lib(thread.o)
    0x0800f908   0x0800f908   0x00000014   Code   RO         3345    i.rt_thread_mdelay  rt-thread.lib(thread.o)
    0x0800f91c   0x0800f91c   0x0000009c   Code   RO         3346    i.rt_thread_resume  rt-thread.lib(thread.o)
    0x0800f9b8   0x0800f9b8   0x0000000c   Code   RO         3348    i.rt_thread_self    rt-thread.lib(thread.o)
    0x0800f9c4   0x0800f9c4   0x00000080   Code   RO         3349    i.rt_thread_sleep   rt-thread.lib(thread.o)
    0x0800fa44   0x0800fa44   0x000000c4   Code   RO         3350    i.rt_thread_startup  rt-thread.lib(thread.o)
    0x0800fb08   0x0800fb08   0x000000dc   Code   RO         3351    i.rt_thread_suspend  rt-thread.lib(thread.o)
    0x0800fbe4   0x0800fbe4   0x000000b4   Code   RO         3353    i.rt_thread_timeout  rt-thread.lib(thread.o)
    0x0800fc98   0x0800fc98   0x0000000a   Code   RO         3354    i.rt_thread_yield   rt-thread.lib(thread.o)
    0x0800fca2   0x0800fca2   0x00000038   Code   RO         2461    i.rt_tick_from_millisecond  rt-thread.lib(clock.o)
    0x0800fcda   0x0800fcda   0x00000002   PAD
    0x0800fcdc   0x0800fcdc   0x0000000c   Code   RO         2462    i.rt_tick_get       rt-thread.lib(clock.o)
    0x0800fce8   0x0800fce8   0x0000003c   Code   RO         2463    i.rt_tick_increase  rt-thread.lib(clock.o)
    0x0800fd24   0x0800fd24   0x000000b4   Code   RO         3488    i.rt_timer_check    rt-thread.lib(timer.o)
    0x0800fdd8   0x0800fdd8   0x000000b8   Code   RO         3489    i.rt_timer_control  rt-thread.lib(timer.o)
    0x0800fe90   0x0800fe90   0x00000036   Code   RO         3490    i.rt_timer_create   rt-thread.lib(timer.o)
    0x0800fec6   0x0800fec6   0x00000002   PAD
    0x0800fec8   0x0800fec8   0x000000d4   Code   RO         3492    i.rt_timer_detach   rt-thread.lib(timer.o)
    0x0800ff9c   0x0800ff9c   0x00000054   Code   RO         3495    i.rt_timer_init     rt-thread.lib(timer.o)
    0x0800fff0   0x0800fff0   0x000001c0   Code   RO         3498    i.rt_timer_start    rt-thread.lib(timer.o)
    0x080101b0   0x080101b0   0x000000c0   Code   RO         3499    i.rt_timer_stop     rt-thread.lib(timer.o)
    0x08010270   0x08010270   0x00000330   Code   RO         3068    i.rt_vsnprintf      rt-thread.lib(kservice.o)
    0x080105a0   0x080105a0   0x00000016   Code   RO         3069    i.rt_vsprintf       rt-thread.lib(kservice.o)
    0x080105b6   0x080105b6   0x00000004   Code   RO         2565    i.rti_board_end     rt-thread.lib(components.o)
    0x080105ba   0x080105ba   0x00000004   Code   RO         2566    i.rti_board_start   rt-thread.lib(components.o)
    0x080105be   0x080105be   0x00000004   Code   RO         2567    i.rti_end           rt-thread.lib(components.o)
    0x080105c2   0x080105c2   0x00000004   Code   RO         2568    i.rti_start         rt-thread.lib(components.o)
    0x080105c6   0x080105c6   0x0000002a   Code   RO         2569    i.rtthread_startup  rt-thread.lib(components.o)
    0x080105f0   0x080105f0   0x00000038   Code   RO         7243    i.shell_auto_complete  rt-thread.lib(shell.o)
    0x08010628   0x08010628   0x00000030   Code   RO         7244    i.shell_handle_history  rt-thread.lib(shell.o)
    0x08010658   0x08010658   0x000000d8   Code   RO         7245    i.shell_push_history  rt-thread.lib(shell.o)
    0x08010730   0x08010730   0x00000030   Code   RO         6963    i.show_wait_queue   rt-thread.lib(cmd.o)
    0x08010760   0x08010760   0x00000026   Code   RO         3070    i.skip_atoi         rt-thread.lib(kservice.o)
    0x08010786   0x08010786   0x0000004c   Code   RO         7770    i.sqrt              m_ws.l(sqrt.o)
    0x080107d2   0x080107d2   0x00000002   PAD
    0x080107d4   0x080107d4   0x00000054   Code   RO         1546    i.stm32_adc_enabled  drv_adc.o
    0x08010828   0x08010828   0x0000006a   Code   RO         1547    i.stm32_adc_get_channel  drv_adc.o
    0x08010892   0x08010892   0x00000002   PAD
    0x08010894   0x08010894   0x0000019c   Code   RO         1548    i.stm32_adc_init    drv_adc.o
    0x08010a30   0x08010a30   0x000000ec   Code   RO         1339    i.stm32_configure   drv_usart.o
    0x08010b1c   0x08010b1c   0x000000d0   Code   RO         1340    i.stm32_control     drv_usart.o
    0x08010bec   0x08010bec   0x0000016c   Code   RO         1341    i.stm32_dma_config  drv_usart.o
    0x08010d58   0x08010d58   0x00000058   Code   RO         1342    i.stm32_dma_transmit  drv_usart.o
    0x08010db0   0x08010db0   0x000000f0   Code   RO         1549    i.stm32_get_adc_value  drv_adc.o
    0x08010ea0   0x08010ea0   0x0000000e   Code   RO         1803    i.stm32_get_scl     drv_soft_i2c.o
    0x08010eae   0x08010eae   0x0000000e   Code   RO         1804    i.stm32_get_sda     drv_soft_i2c.o
    0x08010ebc   0x08010ebc   0x00000044   Code   RO         1343    i.stm32_getc        drv_usart.o
    0x08010f00   0x08010f00   0x000002f4   Code   RO         1492    i.stm32_hw_pwm_init  drv_pwm.o
    0x080111f4   0x080111f4   0x00000046   Code   RO         1805    i.stm32_i2c_bus_unlock  drv_soft_i2c.o
    0x0801123a   0x0801123a   0x00000028   Code   RO         1806    i.stm32_i2c_gpio_init  drv_soft_i2c.o
    0x08011262   0x08011262   0x00000002   PAD
    0x08011264   0x08011264   0x000000dc   Code   RO         1019    i.stm32_pin_attach_irq  drv_gpio.o
    0x08011340   0x08011340   0x0000008c   Code   RO         1020    i.stm32_pin_dettach_irq  drv_gpio.o
    0x080113cc   0x080113cc   0x0000018c   Code   RO         1021    i.stm32_pin_irq_enable  drv_gpio.o
    0x08011558   0x08011558   0x00000074   Code   RO         1022    i.stm32_pin_mode    drv_gpio.o
    0x080115cc   0x080115cc   0x0000002a   Code   RO         1023    i.stm32_pin_read    drv_gpio.o
    0x080115f6   0x080115f6   0x00000028   Code   RO         1024    i.stm32_pin_write   drv_gpio.o
    0x0801161e   0x0801161e   0x00000002   PAD
    0x08011620   0x08011620   0x0000004c   Code   RO         1344    i.stm32_putc        drv_usart.o
    0x0801166c   0x0801166c   0x00000108   Code   RO         1493    i.stm32_pwm_init    drv_pwm.o
    0x08011774   0x08011774   0x0000001e   Code   RO         1807    i.stm32_set_scl     drv_soft_i2c.o
    0x08011792   0x08011792   0x0000001e   Code   RO         1808    i.stm32_set_sda     drv_soft_i2c.o
    0x080117b0   0x080117b0   0x00000018   Code   RO         1345    i.stm32_uart_get_dma_config  drv_usart.o
    0x080117c8   0x080117c8   0x00000048   Code   RO         1809    i.stm32_udelay      drv_soft_i2c.o
    0x08011810   0x08011810   0x00000020   Code   RO         7361    i.str_common        rt-thread.lib(msh.o)
    0x08011830   0x08011830   0x000001b0   Code   RO         1346    i.uart_isr          drv_usart.o
    0x080119e0   0x080119e0   0x000000e8   Code   RO         4017    i.usage_fault_track  rt-thread.lib(cpuport.o)
    0x08011ac8   0x08011ac8   0x0000000a   Code   RO         6964    i.version           rt-thread.lib(cmd.o)
    0x08011ad2   0x08011ad2   0x00000002   PAD
    0x08011ad4   0x08011ad4   0x0000002c   Code   RO         7909    locale$$code        c_w.l(lc_ctype_c.o)
    0x08011b00   0x08011b00   0x0000000c   Code   RO          405    t._ZN3ros10SubscriberIN13geometry_msgs5TwistEvE10getMsgTypeEv  main.o
    0x08011b0c   0x08011b0c   0x00000006   Code   RO          423    t._ZN3ros10SubscriberIN13geometry_msgs5TwistEvE15getEndpointTypeEv  main.o
    0x08011b12   0x08011b12   0x0000001a   Code   RO          393    t._ZN3ros10SubscriberIN13geometry_msgs5TwistEvE8callbackEPh  main.o
    0x08011b2c   0x08011b2c   0x0000000c   Code   RO          417    t._ZN3ros10SubscriberIN13geometry_msgs5TwistEvE9getMsgMD5Ev  main.o
    0x08011b38   0x08011b38   0x00000058   Code   RO          299    t._ZN3ros10SubscriberIN13geometry_msgs5TwistEvEC1EPKcPFvRKS2_Ei  main.o
    0x08011b90   0x08011b90   0x0000000c   Code   RO          441    t._ZN3ros10SubscriberIN8mbs_msgs3PIDEvE10getMsgTypeEv  main.o
    0x08011b9c   0x08011b9c   0x00000006   Code   RO          459    t._ZN3ros10SubscriberIN8mbs_msgs3PIDEvE15getEndpointTypeEv  main.o
    0x08011ba2   0x08011ba2   0x0000001a   Code   RO          429    t._ZN3ros10SubscriberIN8mbs_msgs3PIDEvE8callbackEPh  main.o
    0x08011bbc   0x08011bbc   0x0000000c   Code   RO          453    t._ZN3ros10SubscriberIN8mbs_msgs3PIDEvE9getMsgMD5Ev  main.o
    0x08011bc8   0x08011bc8   0x0000004c   Code   RO          305    t._ZN3ros10SubscriberIN8mbs_msgs3PIDEvEC1EPKcPFvRKS2_Ei  main.o
    0x08011c14   0x08011c14   0x0000013c   Code   RO          189    t._ZN3ros11NodeHandle_I11RTTHardwareLi25ELi25ELi512ELi512EE15negotiateTopicsEv  main.o
    0x08011d50   0x08011d50   0x00000020   Code   RO          164    t._ZN3ros11NodeHandle_I11RTTHardwareLi25ELi25ELi512ELi512EE15requestSyncTimeEv  main.o
    0x08011d70   0x08011d70   0x0000003c   Code   RO          151    t._ZN3ros11NodeHandle_I11RTTHardwareLi25ELi25ELi512ELi512EE3logEcPKc  main.o
    0x08011dac   0x08011dac   0x00000012   Code   RO          269    t._ZN3ros11NodeHandle_I11RTTHardwareLi25ELi25ELi512ELi512EE7loginfoEPKc  main.o
    0x08011dbe   0x08011dbe   0x00000002   PAD
    0x08011dc0   0x08011dc0   0x000000d8   Code   RO          386    t._ZN3ros11NodeHandle_I11RTTHardwareLi25ELi25ELi512ELi512EE7publishEiPKNS_3MsgE  main.o
    0x08011e98   0x08011e98   0x000002cc   Code   RO          196    t._ZN3ros11NodeHandle_I11RTTHardwareLi25ELi25ELi512ELi512EE8spinOnceEv  main.o
    0x08012164   0x08012164   0x000000a0   Code   RO          281    t._ZN3ros11NodeHandle_I11RTTHardwareLi25ELi25ELi512ELi512EE8syncTimeEPh  main.o
    0x08012204   0x08012204   0x00000030   Code   RO          203    t._ZN3ros11NodeHandle_I11RTTHardwareLi25ELi25ELi512ELi512EE9advertiseERNS_9PublisherE  main.o
    0x08012234   0x08012234   0x000000d0   Code   RO          233    t._ZN3ros11NodeHandle_I11RTTHardwareLi25ELi25ELi512ELi512EEC1Ev  main.o
    0x08012304   0x08012304   0x00000020   Code   RO          171    t._ZN3ros3Msg8arrToVarIjPhEEvRT_T0_  main.o
    0x08012324   0x08012324   0x00000016   Code   RO          227    t._ZN3ros3Msg8varToArrIPhjEEvT_T0_  main.o
    0x0801233a   0x0801233a   0x00000002   PAD
    0x0801233c   0x0801233c   0x00000062   Code   RO         7611    x$fpl$d2f           fz_ws.l(d2f.o)
    0x0801239e   0x0801239e   0x00000002   PAD
    0x080123a0   0x080123a0   0x00000150   Code   RO         7613    x$fpl$dadd          fz_ws.l(daddsub_clz.o)
    0x080124f0   0x080124f0   0x00000010   Code   RO         7880    x$fpl$dcheck1       fz_ws.l(dcheck1.o)
    0x08012500   0x08012500   0x00000018   Code   RO         7934    x$fpl$dcmpinf       fz_ws.l(dcmpi.o)
    0x08012518   0x08012518   0x000002b0   Code   RO         7620    x$fpl$ddiv          fz_ws.l(ddiv.o)
    0x080127c8   0x080127c8   0x0000005e   Code   RO         7623    x$fpl$dfix          fz_ws.l(dfix.o)
    0x08012826   0x08012826   0x0000002e   Code   RO         7628    x$fpl$dflt          fz_ws.l(dflt_clz.o)
    0x08012854   0x08012854   0x00000026   Code   RO         7627    x$fpl$dfltu         fz_ws.l(dflt_clz.o)
    0x0801287a   0x0801287a   0x00000002   PAD
    0x0801287c   0x0801287c   0x00000078   Code   RO         7882    x$fpl$dleqf         fz_ws.l(dleqf.o)
    0x080128f4   0x080128f4   0x00000154   Code   RO         7633    x$fpl$dmul          fz_ws.l(dmul.o)
    0x08012a48   0x08012a48   0x0000009c   Code   RO         7735    x$fpl$dnaninf       fz_ws.l(dnaninf.o)
    0x08012ae4   0x08012ae4   0x0000000c   Code   RO         7737    x$fpl$dretinf       fz_ws.l(dretinf.o)
    0x08012af0   0x08012af0   0x0000006c   Code   RO         7739    x$fpl$drleqf        fz_ws.l(drleqf.o)
    0x08012b5c   0x08012b5c   0x00000016   Code   RO         7614    x$fpl$drsb          fz_ws.l(daddsub_clz.o)
    0x08012b72   0x08012b72   0x00000002   PAD
    0x08012b74   0x08012b74   0x000001cc   Code   RO         7884    x$fpl$dsqrt         fz_ws.l(dsqrt_noumaal.o)
    0x08012d40   0x08012d40   0x000001d4   Code   RO         7615    x$fpl$dsub          fz_ws.l(daddsub_clz.o)
    0x08012f14   0x08012f14   0x00000056   Code   RO         7635    x$fpl$f2d           fz_ws.l(f2d.o)
    0x08012f6a   0x08012f6a   0x00000002   PAD
    0x08012f6c   0x08012f6c   0x000000c4   Code   RO         7637    x$fpl$fadd          fz_ws.l(faddsub_clz.o)
    0x08013030   0x08013030   0x00000018   Code   RO         7741    x$fpl$fcmpinf       fz_ws.l(fcmpi.o)
    0x08013048   0x08013048   0x00000184   Code   RO         7644    x$fpl$fdiv          fz_ws.l(fdiv.o)
    0x080131cc   0x080131cc   0x00000036   Code   RO         7647    x$fpl$ffix          fz_ws.l(ffix.o)
    0x08013202   0x08013202   0x00000002   PAD
    0x08013204   0x08013204   0x00000030   Code   RO         7652    x$fpl$fflt          fz_ws.l(fflt_clz.o)
    0x08013234   0x08013234   0x00000026   Code   RO         7651    x$fpl$ffltu         fz_ws.l(fflt_clz.o)
    0x0801325a   0x0801325a   0x00000002   PAD
    0x0801325c   0x0801325c   0x00000068   Code   RO         7657    x$fpl$fleqf         fz_ws.l(fleqf.o)
    0x080132c4   0x080132c4   0x00000102   Code   RO         7659    x$fpl$fmul          fz_ws.l(fmul.o)
    0x080133c6   0x080133c6   0x0000008c   Code   RO         7743    x$fpl$fnaninf       fz_ws.l(fnaninf.o)
    0x08013452   0x08013452   0x0000000a   Code   RO         7745    x$fpl$fretinf       fz_ws.l(fretinf.o)
    0x0801345c   0x0801345c   0x00000062   Code   RO         7661    x$fpl$frleqf        fz_ws.l(frleqf.o)
    0x080134be   0x080134be   0x00000002   PAD
    0x080134c0   0x080134c0   0x000000ea   Code   RO         7639    x$fpl$fsub          fz_ws.l(faddsub_clz.o)
    0x080135aa   0x080135aa   0x00000064   Code   RO         7938    x$fpl$retnan        fz_ws.l(retnan.o)
    0x0801360e   0x0801360e   0x0000005c   Code   RO         7747    x$fpl$scalbn        fz_ws.l(scalbn.o)
    0x0801366a   0x0801366a   0x00000030   Code   RO         7988    x$fpl$trapveneer    fz_ws.l(trapv.o)
    0x0801369a   0x0801369a   0x00000000   Code   RO         7749    x$fpl$usenofp       fz_ws.l(usenofp.o)
    0x0801369a   0x0801369a   0x0000001c   Data   RO           35    .constdata          main.o
    0x080136b6   0x080136b6   0x00000002   PAD
    0x080136b8   0x080136b8   0x00000598   Data   RO         1025    .constdata          drv_gpio.o
    0x08013c50   0x08013c50   0x000000fc   Data   RO         1348    .constdata          drv_usart.o
    0x08013d4c   0x08013d4c   0x00000012   Data   RO         1494    .constdata          drv_pwm.o
    0x08013d5e   0x08013d5e   0x00000002   PAD
    0x08013d60   0x08013d60   0x0000002e   Data   RO         1551    .constdata          drv_adc.o
    0x08013d8e   0x08013d8e   0x00000002   PAD
    0x08013d90   0x08013d90   0x00000014   Data   RO         1717    .constdata          drv_pulse_encoder.o
    0x08013da4   0x08013da4   0x0000003f   Data   RO         1811    .constdata          drv_soft_i2c.o
    0x08013de3   0x08013de3   0x00000001   PAD
    0x08013de4   0x08013de4   0x00000020   Data   RO         2291    .constdata          motors.o
    0x08013e04   0x08013e04   0x00000014   Data   RO         2570    .constdata          rt-thread.lib(components.o)
    0x08013e18   0x08013e18   0x000000c9   Data   RO         2643    .constdata          rt-thread.lib(device.o)
    0x08013ee1   0x08013ee1   0x000001fc   Data   RO         2766    .constdata          rt-thread.lib(ipc.o)
    0x080140dd   0x080140dd   0x00000022   Data   RO         3072    .constdata          rt-thread.lib(kservice.o)
    0x080140ff   0x080140ff   0x0000003c   Data   RO         3253    .constdata          rt-thread.lib(mem.o)
    0x0801413b   0x0801413b   0x000000cf   Data   RO         3355    .constdata          rt-thread.lib(thread.o)
    0x0801420a   0x0801420a   0x0000005c   Data   RO         3500    .constdata          rt-thread.lib(timer.o)
    0x08014266   0x08014266   0x00000040   Data   RO         3869    .constdata          rt-thread.lib(mpu6xxx.o)
    0x080142a6   0x080142a6   0x0000007d   Data   RO         4087    .constdata          rt-thread.lib(pin.o)
    0x08014323   0x08014323   0x0000003c   Data   RO         4152    .constdata          rt-thread.lib(adc.o)
    0x0801435f   0x0801435f   0x0000012a   Data   RO         4295    .constdata          rt-thread.lib(serial.o)
    0x08014489   0x08014489   0x00000021   Data   RO         4389    .constdata          rt-thread.lib(pulse_encoder.o)
    0x080144aa   0x080144aa   0x00000002   PAD
    0x080144ac   0x080144ac   0x0000000c   Data   RO         4441    .constdata          rt-thread.lib(i2c-bit-ops.o)
    0x080144b8   0x080144b8   0x00000018   Data   RO         4519    .constdata          rt-thread.lib(system_stm32f1xx.o)
    0x080144d0   0x080144d0   0x00000016   Data   RO         6573    .constdata          rt-thread.lib(idle.o)
    0x080144e6   0x080144e6   0x00000080   Data   RO         6634    .constdata          rt-thread.lib(object.o)
    0x08014566   0x08014566   0x0000004e   Data   RO         6738    .constdata          rt-thread.lib(scheduler.o)
    0x080145b4   0x080145b4   0x00000039   Data   RO         6813    .constdata          rt-thread.lib(completion.o)
    0x080145ed   0x080145ed   0x0000004b   Data   RO         6850    .constdata          rt-thread.lib(dataqueue.o)
    0x08014638   0x08014638   0x00000013   Data   RO         6906    .constdata          rt-thread.lib(i2c_core.o)
    0x0801464b   0x0801464b   0x00000001   PAD
    0x0801464c   0x0801464c   0x00000058   Data   RO         6965    .constdata          rt-thread.lib(cmd.o)
    0x080146a4   0x080146a4   0x0000005e   Data   RO         7205    .constdata          rt-thread.lib(i2c_dev.o)
    0x08014702   0x08014702   0x00000087   Data   RO         7247    .constdata          rt-thread.lib(shell.o)
    0x08014789   0x08014789   0x0000000e   Data   RO         7362    .constdata          rt-thread.lib(msh.o)
    0x08014797   0x08014797   0x00000001   PAD
    0x08014798   0x08014798   0x00000088   Data   RO         7665    .constdata          m_ws.l(pow.o)
    0x08014820   0x08014820   0x00000008   Data   RO         7768    .constdata          m_ws.l(qnan.o)
    0x08014828   0x08014828   0x00000018   Data   RO          337    .constdata__ZTVN13geometry_msgs5TwistE  main.o
    0x08014840   0x08014840   0x00000018   Data   RO          335    .constdata__ZTVN13geometry_msgs7Vector3E  main.o
    0x08014858   0x08014858   0x00000018   Data   RO          329    .constdata__ZTVN14rosserial_msgs20RequestParamResponseE  main.o
    0x08014870   0x08014870   0x00000018   Data   RO          327    .constdata__ZTVN14rosserial_msgs3LogE  main.o
    0x08014888   0x08014888   0x00000018   Data   RO          325    .constdata__ZTVN14rosserial_msgs9TopicInfoE  main.o
    0x080148a0   0x080148a0   0x00000018   Data   RO          347    .constdata__ZTVN3ros10SubscriberIN13geometry_msgs5TwistEvEE  main.o
    0x080148b8   0x080148b8   0x00000018   Data   RO          349    .constdata__ZTVN3ros10SubscriberIN8mbs_msgs3PIDEvEE  main.o
    0x080148d0   0x080148d0   0x00000014   Data   RO          345    .constdata__ZTVN3ros11NodeHandle_I11RTTHardwareLi25ELi25ELi512ELi512EEE  main.o
    0x080148e4   0x080148e4   0x00000018   Data   RO          333    .constdata__ZTVN3ros11Subscriber_E  main.o
    0x080148fc   0x080148fc   0x00000014   Data   RO          331    .constdata__ZTVN3ros15NodeHandleBase_E  main.o
    0x08014910   0x08014910   0x00000018   Data   RO          321    .constdata__ZTVN3ros3MsgE  main.o
    0x08014928   0x08014928   0x00000018   Data   RO          341    .constdata__ZTVN8mbs_msgs10VelocitiesE  main.o
    0x08014940   0x08014940   0x00000018   Data   RO          343    .constdata__ZTVN8mbs_msgs3ImuE  main.o
    0x08014958   0x08014958   0x00000018   Data   RO          339    .constdata__ZTVN8mbs_msgs3PIDE  main.o
    0x08014970   0x08014970   0x00000018   Data   RO          323    .constdata__ZTVN8std_msgs4TimeE  main.o
    0x08014988   0x08014988   0x00000007   Data   RO          130    .constdata__ZZN11RTTHardware4initEvEs  main.o
    0x0801498f   0x0801498f   0x0000000f   Data   RO          131    .constdata__ZZN11RTTHardware4initEvEs_0  main.o
    0x0801499e   0x0801499e   0x00000006   Data   RO          129    .constdata__ZZN11RTTHardwareC1EvEs  main.o
    0x080149a4   0x080149a4   0x00000021   Data   RO          135    .constdata__ZZN13geometry_msgs5Twist6getMD5EvEs  main.o
    0x080149c5   0x080149c5   0x00000014   Data   RO          134    .constdata__ZZN13geometry_msgs5Twist7getTypeEvEs  main.o
    0x080149d9   0x080149d9   0x00000021   Data   RO          133    .constdata__ZZN13geometry_msgs7Vector36getMD5EvEs  main.o
    0x080149fa   0x080149fa   0x00000016   Data   RO          132    .constdata__ZZN13geometry_msgs7Vector37getTypeEvEs  main.o
    0x08014a10   0x08014a10   0x00000021   Data   RO          128    .constdata__ZZN14rosserial_msgs20RequestParamResponse6getMD5EvEs  main.o
    0x08014a31   0x08014a31   0x00000021   Data   RO          127    .constdata__ZZN14rosserial_msgs3Log6getMD5EvEs  main.o
    0x08014a52   0x08014a52   0x00000013   Data   RO          126    .constdata__ZZN14rosserial_msgs3Log7getTypeEvEs  main.o
    0x08014a65   0x08014a65   0x00000001   Data   RO          125    .constdata__ZZN14rosserial_msgs3LogC1EvEs  main.o
    0x08014a66   0x08014a66   0x00000021   Data   RO          124    .constdata__ZZN14rosserial_msgs9TopicInfo6getMD5EvEs  main.o
    0x08014a87   0x08014a87   0x00000019   Data   RO          123    .constdata__ZZN14rosserial_msgs9TopicInfo7getTypeEvEs  main.o
    0x08014aa0   0x08014aa0   0x00000001   Data   RO          122    .constdata__ZZN14rosserial_msgs9TopicInfoC1EvEs  main.o
    0x08014aa1   0x08014aa1   0x00000039   Data   RO          142    .constdata__ZZN3ros11NodeHandle_I11RTTHardwareLi25ELi25ELi512ELi512EE7publishEiPKNS_3MsgEEs  main.o
    0x08014ada   0x08014ada   0x00000021   Data   RO          139    .constdata__ZZN8mbs_msgs10Velocities6getMD5EvEs  main.o
    0x08014afb   0x08014afb   0x00000014   Data   RO          138    .constdata__ZZN8mbs_msgs10Velocities7getTypeEvEs  main.o
    0x08014b0f   0x08014b0f   0x00000021   Data   RO          141    .constdata__ZZN8mbs_msgs3Imu6getMD5EvEs  main.o
    0x08014b30   0x08014b30   0x0000000d   Data   RO          140    .constdata__ZZN8mbs_msgs3Imu7getTypeEvEs  main.o
    0x08014b3d   0x08014b3d   0x00000021   Data   RO          137    .constdata__ZZN8mbs_msgs3PID6getMD5EvEs  main.o
    0x08014b5e   0x08014b5e   0x0000000d   Data   RO          136    .constdata__ZZN8mbs_msgs3PID7getTypeEvEs  main.o
    0x08014b6b   0x08014b6b   0x00000021   Data   RO          121    .constdata__ZZN8std_msgs4Time6getMD5EvEs  main.o
    0x08014b8c   0x08014b8c   0x0000000e   Data   RO          120    .constdata__ZZN8std_msgs4Time7getTypeEvEs  main.o
    0x08014b9a   0x08014b9a   0x00000002   PAD
    0x08014b9c   0x08014b9c   0x00000008   Data   RO          143    .constdata___ARM__ZN11RTTHardware4initEv_anon0  main.o
    0x08014ba4   0x08014ba4   0x0000000e   Data   RO         1349    .conststring        drv_usart.o
    0x08014bb2   0x08014bb2   0x00000002   PAD
    0x08014bb4   0x08014bb4   0x00000005   Data   RO         1495    .conststring        drv_pwm.o
    0x08014bb9   0x08014bb9   0x00000003   PAD
    0x08014bbc   0x08014bbc   0x0000001f   Data   RO         1718    .conststring        drv_pulse_encoder.o
    0x08014bdb   0x08014bdb   0x00000001   PAD
    0x08014bdc   0x08014bdc   0x0000000d   Data   RO         1812    .conststring        drv_soft_i2c.o
    0x08014be9   0x08014be9   0x00000003   PAD
    0x08014bec   0x08014bec   0x0000008b   Data   RO         2767    .conststring        rt-thread.lib(ipc.o)
    0x08014c77   0x08014c77   0x00000001   PAD
    0x08014c78   0x08014c78   0x00000152   Data   RO         3073    .conststring        rt-thread.lib(kservice.o)
    0x08014dca   0x08014dca   0x00000002   PAD
    0x08014dcc   0x08014dcc   0x000000eb   Data   RO         3254    .conststring        rt-thread.lib(mem.o)
    0x08014eb7   0x08014eb7   0x00000001   PAD
    0x08014eb8   0x08014eb8   0x00000042   Data   RO         3356    .conststring        rt-thread.lib(thread.o)
    0x08014efa   0x08014efa   0x00000002   PAD
    0x08014efc   0x08014efc   0x0000011b   Data   RO         3870    .conststring        rt-thread.lib(mpu6xxx.o)
    0x08015017   0x08015017   0x00000001   PAD
    0x08015018   0x08015018   0x00000063   Data   RO         4296    .conststring        rt-thread.lib(serial.o)
    0x0801507b   0x0801507b   0x00000001   PAD
    0x0801507c   0x0801507c   0x0000017d   Data   RO         6966    .conststring        rt-thread.lib(cmd.o)
    0x080151f9   0x080151f9   0x0000003a   Data   RO           38    .rodata.name        main.o
    0x08015233   0x08015233   0x0000001b   Data   RO         1601    .rodata.name        drv_common.o
    0x0801524e   0x0801524e   0x00000027   Data   RO         3256    .rodata.name        rt-thread.lib(mem.o)
    0x08015275   0x08015275   0x00000026   Data   RO         3872    .rodata.name        rt-thread.lib(mpu6xxx.o)
    0x0801529b   0x0801529b   0x00000069   Data   RO         4088    .rodata.name        rt-thread.lib(pin.o)
    0x08015304   0x08015304   0x00000017   Data   RO         4154    .rodata.name        rt-thread.lib(adc.o)
    0x0801531b   0x0801531b   0x0000009f   Data   RO         4206    .rodata.name        rt-thread.lib(rt_drv_pwm.o)
    0x080153ba   0x080153ba   0x00000385   Data   RO         6967    .rodata.name        rt-thread.lib(cmd.o)
    0x0801573f   0x0801573f   0x00000076   Data   RO         7363    .rodata.name        rt-thread.lib(msh.o)
    0x080157b5   0x080157b5   0x00000003   PAD
    0x080157b8   0x080157b8   0x00000004   Data   RO         2571    .rti_fn.0           rt-thread.lib(components.o)
    0x080157bc   0x080157bc   0x00000004   Data   RO         2572    .rti_fn.0.end       rt-thread.lib(components.o)
    0x080157c0   0x080157c0   0x00000004   Data   RO         1553    .rti_fn.1           drv_adc.o
    0x080157c4   0x080157c4   0x00000004   Data   RO         1720    .rti_fn.1           drv_pulse_encoder.o
    0x080157c8   0x080157c8   0x00000004   Data   RO         1813    .rti_fn.1           drv_soft_i2c.o
    0x080157cc   0x080157cc   0x00000004   Data   RO         2573    .rti_fn.1.end       rt-thread.lib(components.o)
    0x080157d0   0x080157d0   0x00000004   Data   RO         1497    .rti_fn.3           drv_pwm.o
    0x080157d4   0x080157d4   0x00000004   Data   RO         2075    .rti_fn.4           crt_init.o
    0x080157d8   0x080157d8   0x00000004   Data   RO         6907    .rti_fn.4           rt-thread.lib(i2c_core.o)
    0x080157dc   0x080157dc   0x00000004   Data   RO         7249    .rti_fn.6           rt-thread.lib(shell.o)
    0x080157e0   0x080157e0   0x00000004   Data   RO         2574    .rti_fn.6.end       rt-thread.lib(components.o)
    0x080157e4   0x080157e4   0x00000018   Data   RO           39    FSymTab             main.o
    0x080157fc   0x080157fc   0x0000000c   Data   RO         1602    FSymTab             drv_common.o
    0x08015808   0x08015808   0x0000000c   Data   RO         3257    FSymTab             rt-thread.lib(mem.o)
    0x08015814   0x08015814   0x0000000c   Data   RO         3873    FSymTab             rt-thread.lib(mpu6xxx.o)
    0x08015820   0x08015820   0x00000024   Data   RO         4089    FSymTab             rt-thread.lib(pin.o)
    0x08015844   0x08015844   0x0000000c   Data   RO         4155    FSymTab             rt-thread.lib(adc.o)
    0x08015850   0x08015850   0x0000003c   Data   RO         4207    FSymTab             rt-thread.lib(rt_drv_pwm.o)
    0x0801588c   0x0801588c   0x00000120   Data   RO         6968    FSymTab             rt-thread.lib(cmd.o)
    0x080159ac   0x080159ac   0x00000024   Data   RO         7364    FSymTab             rt-thread.lib(msh.o)
    0x080159d0   0x080159d0   0x00000020   Data   RO         8018    Region$$Table       anon$$obj.o
    0x080159f0   0x080159f0   0x00000110   Data   RO         7908    locale$$data        c_w.l(lc_ctype_c.o)
    0x08015b00   0x08015b00   0x00000004   Data   RO           37    .init_array         main.o


    Execution Region RW_IRAM1 (Exec base: 0x20000000, Load base: 0x08015b04, Size: 0x00001c88, Max: 0x00005000, ABSOLUTE, COMPRESSED[0x000000c4])

    Exec Addr    Load Addr    Size         Type   Attr      Idx    E Section Name        Object

    0x20000000   COMPRESSED   0x0000002c   Data   RW           36    .data               main.o
    0x2000002c   COMPRESSED   0x000000c4   Data   RW         1026    .data               drv_gpio.o
    0x200000f0   COMPRESSED   0x00000028   Data   RW         1350    .data               drv_usart.o
    0x20000118   COMPRESSED   0x00000090   Data   RW         1496    .data               drv_pwm.o
    0x200001a8   COMPRESSED   0x00000030   Data   RW         1552    .data               drv_adc.o
    0x200001d8   COMPRESSED   0x00000250   Data   RW         1719    .data               drv_pulse_encoder.o
    0x20000428   COMPRESSED   0x00000004   Data   RW         2293    .data               motors.o
    0x2000042c   COMPRESSED   0x00000004   Data   RW         2385    .data               imu_dev.o
    0x20000430   COMPRESSED   0x00000004   Data   RW         2465    .data               rt-thread.lib(clock.o)
    0x20000434   COMPRESSED   0x00000009   Data   RW         3006    .data               rt-thread.lib(irq.o)
    0x2000043d   COMPRESSED   0x00000003   PAD
    0x20000440   COMPRESSED   0x0000000c   Data   RW         3074    .data               rt-thread.lib(kservice.o)
    0x2000044c   COMPRESSED   0x00000020   Data   RW         3255    .data               rt-thread.lib(mem.o)
    0x2000046c   COMPRESSED   0x0000000c   Data   RW         3357    .data               rt-thread.lib(thread.o)
    0x20000478   COMPRESSED   0x00000014   Data   RW         3501    .data               rt-thread.lib(timer.o)
    0x2000048c   COMPRESSED   0x00000004   Data   RW         3871    .data               rt-thread.lib(mpu6xxx.o)
    0x20000490   COMPRESSED   0x00000010   Data   RW         4019    .data               rt-thread.lib(cpuport.o)
    0x200004a0   COMPRESSED   0x00000004   Data   RW         4153    .data               rt-thread.lib(adc.o)
    0x200004a4   COMPRESSED   0x00000004   Data   RW         4297    .data               rt-thread.lib(serial.o)
    0x200004a8   COMPRESSED   0x00000004   Data   RW         4520    .data               rt-thread.lib(system_stm32f1xx.o)
    0x200004ac   COMPRESSED   0x00000009   Data   RW         4903    .data               rt-thread.lib(stm32f1xx_hal.o)
    0x200004b5   COMPRESSED   0x00000003   PAD
    0x200004b8   COMPRESSED   0x000000b4   Data   RW         6635    .data               rt-thread.lib(object.o)
    0x2000056c   COMPRESSED   0x0000001c   Data   RW         6739    .data               rt-thread.lib(scheduler.o)
    0x20000588   COMPRESSED   0x00000018   Data   RW         7248    .data               rt-thread.lib(shell.o)
    0x200005a0   COMPRESSED   0x00000004   Data   RW         7816    .data               c_w.l(heapauxa.o)
    0x200005a4   COMPRESSED   0x00000004   PAD
    0x200005a8        -       0x00000868   Zero   RW           34    .bss                main.o
    0x20000e10        -       0x00000250   Zero   RW         1347    .bss                drv_usart.o
    0x20001060        -       0x00000074   Zero   RW         1550    .bss                drv_adc.o
    0x200010d4        -       0x00000130   Zero   RW         1810    .bss                drv_soft_i2c.o
    0x20001204        -       0x0000002a   Zero   RW         2344    .bss                datascope.o
    0x2000122e        -       0x00000080   Zero   RW         3071    .bss                rt-thread.lib(kservice.o)
    0x200012ae   COMPRESSED   0x00000002   PAD
    0x200012b0        -       0x00000020   Zero   RW         3252    .bss                rt-thread.lib(mem.o)
    0x200012d0        -       0x00000044   Zero   RW         4086    .bss                rt-thread.lib(pin.o)
    0x20001314        -       0x00000190   Zero   RW         6572    .bss                rt-thread.lib(idle.o)
    0x200014a4        -       0x00000100   Zero   RW         6737    .bss                rt-thread.lib(scheduler.o)
    0x200015a4        -       0x00000081   Zero   RW         7246    .bss                rt-thread.lib(shell.o)
    0x20001625   COMPRESSED   0x00000003   PAD
    0x20001628        -       0x00000060   Zero   RW         7778    .bss                c_w.l(libspace.o)
    0x20001688        -       0x00000200   Zero   RW         7941    HEAP                rt-thread.lib(startup_stm32f103xe.o)
    0x20001888        -       0x00000400   Zero   RW         7940    STACK               rt-thread.lib(startup_stm32f103xe.o)


==============================================================================

Image component sizes


      Code (inc. data)   RO Data    RW Data    ZI Data      Debug   Object Name

       260         80          0          0          0       3076   battery.o
       198         10          0          0          0       5936   car.o
        56         46          0          0          0        541   crt.o
        34          8          4          0          0       2162   crt_init.o
       344         34          0          0         42       2974   datascope.o
       842        252         50         48        116       3903   drv_adc.o
       174         18         39          0          0       8764   drv_common.o
      1488         60       1432        196          0     490855   drv_gpio.o
       966        206         55        592          0       8554   drv_pulse_encoder.o
      1714        348         27        144          0       6311   drv_pwm.o
       466         36         80          0        304       6940   drv_soft_i2c.o
      2108        370        266         40        592      39761   drv_usart.o
      1216        188          0          4          0       8096   imu_dev.o
       620         30          0          0          0       4598   kinematics.o
      8188       1940       1004         44       2152     113800   main.o
       816        100         32          4          0       6756   motors.o
         0          0          0          0          0       1232   mutex.o

    ----------------------------------------------------------------------
     19526       3726       3039       1072       3206     714259   Object Totals
         0          0         32          0          0          0   (incl. Generated)
        36          0         18          0          0          0   (incl. Padding)

    ----------------------------------------------------------------------

      Code (inc. data)   RO Data    RW Data    ZI Data      Debug   Library Member Name

        90          0          0          0          0          0   __dczerorl2.o
         8          0          0          0          0         68   __main.o
         0          0          0          0          0          0   __rtentry.o
        12          0          0          0          0          0   __rtentry2.o
         6          0          0          0          0          0   __rtentry4.o
        52          8          0          0          0          0   __scatter.o
        28          0          0          0          0          0   __scatter_zi.o
        28          0          0          0          0         68   _chval.o
        22          0          0          0          0        100   _rserrno.o
       158          0          0          0          0         92   _strtoul.o
        26          0          0          0          0         80   atoi.o
        10          0          0          0          0         68   defsig_exit.o
        50          0          0          0          0         88   defsig_general.o
        80         58          0          0          0         76   defsig_rtmem_inner.o
        14          0          0          0          0         80   defsig_rtmem_outer.o
        18          0          0          0          0         80   exit.o
        94          0          0          0          0         80   h1_alloc.o
        52          0          0          0          0         68   h1_extend.o
        78          0          0          0          0         80   h1_free.o
        14          0          0          0          0         84   h1_init.o
       184          0          0          0          0         92   h1_realloc.o
        80          6          0          4          0         96   heapauxa.o
         4          0          0          0          0        136   hguard.o
         0          0          0          0          0          0   indicate_semi.o
       138          0          0          0          0        168   init_alloc.o
        44         10        272          0          0         76   lc_ctype_c.o
         2          0          0          0          0          0   libinit.o
        32          0          0          0          0          0   libinit2.o
         2          0          0          0          0          0   libshutdown.o
         2          0          0          0          0          0   libshutdown2.o
         8          4          0          0         96         68   libspace.o
       238          0          0          0          0        100   lludivv7m.o
         0          0          0          0          0          0   maybetermalloc1.o
        88          0          0          0          0         76   memcmp.o
        16          4          0          0          0         76   rt_ctype_table.o
         8          4          0          0          0         68   rt_errno_addr_intlibspace.o
         8          4          0          0          0         68   rt_heap_descriptor_intlibspace.o
         8          4          0          0          0         68   rt_locale_intlibspace.o
        68          0          0          0          0         68   rt_memclr.o
        78          0          0          0          0         80   rt_memclr_w.o
       138          0          0          0          0         68   rt_memcpy_v6.o
       100          0          0          0          0         80   rt_memcpy_w.o
         2          0          0          0          0          0   rtexit.o
        10          0          0          0          0          0   rtexit2.o
        24          0          0          0          0         68   strcat.o
       128          0          0          0          0         68   strcmpv7m.o
        72          0          0          0          0         80   strcpy.o
        62          0          0          0          0         76   strlen.o
       150          0          0          0          0         80   strncmp.o
        86          0          0          0          0         76   strncpy.o
       112          0          0          0          0         88   strtol.o
        12          4          0          0          0         68   sys_exit.o
        74          0          0          0          0         80   sys_stackheap_outer.o
        14          0          0          0          0         76   sys_wrch.o
         2          0          0          0          0         68   use_no_semi.o
        98          4          0          0          0         92   d2f.o
       826         16          0          0          0        348   daddsub_clz.o
        16          4          0          0          0         68   dcheck1.o
        24          0          0          0          0         68   dcmpi.o
       688        140          0          0          0        208   ddiv.o
        94          4          0          0          0         92   dfix.o
        84          0          0          0          0        136   dflt_clz.o
       120          4          0          0          0         92   dleqf.o
       340         12          0          0          0        104   dmul.o
       156          4          0          0          0         92   dnaninf.o
        12          0          0          0          0         68   dretinf.o
       108          0          0          0          0         80   drleqf.o
       460         56          0          0          0        120   dsqrt_noumaal.o
        86          4          0          0          0         84   f2d.o
       430          8          0          0          0        168   faddsub_clz.o
        24          0          0          0          0         68   fcmpi.o
       388         76          0          0          0         96   fdiv.o
        54          4          0          0          0         84   ffix.o
        86          0          0          0          0        136   fflt_clz.o
       104          4          0          0          0         84   fleqf.o
       258          4          0          0          0         84   fmul.o
       140          4          0          0          0         84   fnaninf.o
        10          0          0          0          0         68   fretinf.o
        98          0          0          0          0         68   frleqf.o
       100          0          0          0          0         68   retnan.o
        92          0          0          0          0         68   scalbn.o
        48          0          0          0          0         68   trapv.o
         0          0          0          0          0          0   usenofp.o
        62         10          0          0          0        340   dunder.o
        40          0          0          0          0         68   fpclassify.o
       170          0          0          0          0         96   poly.o
      2520        190        136          0          0        324   pow.o
         0          0          8          0          0          0   qnan.o
        76          0          0          0          0         84   sqrt.o
      1276        554         95          4          0       7143   adc.o
       164         18          0          0          0     503417   board.o
       128         12          0          4          0      17358   clock.o
      3788       1362       1658          0          0      24879   cmd.o
       512        180         57          0          0       6447   completion.o
       218         50         36          0          0       6532   components.o
       244         26          0          0          0        840   context_rvds.o
      1472        732          0         16          0       6992   cpuport.o
      1064        226         75          0          0       7451   dataqueue.o
      1312        594        201          0          0       9672   device.o
      1530        274         12          0          0      13573   i2c-bit-ops.o
       438        144         23          0          0       5005   i2c_core.o
       460        136         94          0          0       4088   i2c_dev.o
       384         84         22          0        400       6298   idle.o
      1872        496        647          0          0      36884   ipc.o
       140         26          0          9          0       2534   irq.o
      2240        200        372         12        128      16638   kservice.o
      1982        750        346         32         32       7380   mem.o
      3836       1258        397          4          0      17277   mpu6xxx.o
       944        180        168          0          0       9316   msh.o
       860        286        128        180          0      11318   object.o
       524        182        266          0         68       9174   pin.o
       428         88         33          0          0       6119   pulse_encoder.o
       746        102        219          0          0      10388   rt_drv_pwm.o
      1058        250         78         28        256      10758   scheduler.o
      3608        794        397          4          0      18107   serial.o
      2344        316        139         24        129      17160   shell.o
        64         26        304          0       1536        996   startup_stm32f103xe.o
        64         14          0          9          0       5380   stm32f1xx_hal.o
      1598         64          0          0          0       7300   stm32f1xx_hal_adc.o
       412         28          0          0          0      31843   stm32f1xx_hal_cortex.o
       904         26          0          0          0       4846   stm32f1xx_hal_dma.o
      1228         78          0          0          0       5600   stm32f1xx_hal_gpio.o
      1008         84          0          0          0       4872   stm32f1xx_hal_msp.o
      1784        110          0          0          0       6960   stm32f1xx_hal_rcc.o
       612         46          0          0          0       2793   stm32f1xx_hal_rcc_ex.o
      2304         76          0          0          0      20186   stm32f1xx_hal_tim.o
        84          0          0          0          0       1512   stm32f1xx_hal_tim_ex.o
      1822         38          0          0          0      13643   stm32f1xx_hal_uart.o
        88         18         24          4          0       1747   system_stm32f1xx.o
      1854        534        273         12          0      18211   thread.o
        36          6          0          0          0       2380   time.o
      1532        484         92         20          0      14153   timer.o

    ----------------------------------------------------------------------
     59684      11606       6587        372       2654     942206   Library Totals
        72          0         15          6          9          0   (incl. Padding)

    ----------------------------------------------------------------------

      Code (inc. data)   RO Data    RW Data    ZI Data      Debug   Library Name

      2834        106        272          4         96       3328   c_w.l
      4944        348          0          0          0       2796   fz_ws.l
      2868        200        144          0          0        912   m_ws.l
     48966      10952       6156        362       2549     935170   rt-thread.lib

    ----------------------------------------------------------------------
     59684      11606       6587        372       2654     942206   Library Totals

    ----------------------------------------------------------------------

==============================================================================


      Code (inc. data)   RO Data    RW Data    ZI Data      Debug   

     79210      15332       9626       1444       5860    1624949   Grand Totals
     79210      15332       9626        196       5860    1624949   ELF Image Totals (compressed)
     79210      15332       9626        196          0          0   ROM Totals

==============================================================================

    Total RO  Size (Code + RO Data)                88836 (  86.75kB)
    Total RW  Size (RW Data + ZI Data)              7304 (   7.13kB)
    Total ROM Size (Code + RO Data + RW Data)      89032 (  86.95kB)

==============================================================================

