<html>
<body>
<pre>
<h1>µVision Build Log</h1>
<h2>Tool Versions:</h2>
IDE-Version: µVision V5.30.0.0
Copyright (C) 2020 ARM Ltd and ARM Germany GmbH. All rights reserved.
License Information: M M, M, LIC=14HMM-XZ3R5-TF0I4-F0X5G-XQR6L-NI0C9
 
Tool Versions:
Toolchain:       MDK-ARM Plus  Version: 5.30.0.0
Toolchain Path:  C:\Keil_v5\ARM\ARMCC\Bin
C Compiler:      Armcc.exe V5.06 update 6 (build 750)
Assembler:       Armasm.exe V5.06 update 6 (build 750)
Linker/Locator:  ArmLink.exe V5.06 update 6 (build 750)
Library Manager: ArmAr.exe V5.06 update 6 (build 750)
Hex Converter:   FromElf.exe V5.06 update 6 (build 750)
CPU DLL:         SARMCM3.DLL V5.30.0.0
Dialog DLL:      DCM.DLL V1.17.3.0
Target DLL:      STLink\ST-LINKIII-KEIL_SWO.dll V3.0.7.0
Dialog DLL:      TCM.DLL V1.42.0.0
 
<h2>Project:</h2>
C:\Users\Juvinski\Downloads\STM32_Ros_master_melodic-lib\STM32_Ros_master_melodic-lib\bsp\stm32\stm32f103-atk-nano\project.uvprojx
Project File Date:  08/26/2021

<h2>Output:</h2>
*** Using Compiler 'V5.06 update 6 (build 750)', folder: 'C:\Keil_v5\ARM\ARMCC\Bin'
Build target 'STM32_ROS'
compiling Mutex.cpp...
compiling Semaphore.cpp...
compiling Thread.cpp...
compiling crt.cpp...
compiling crt_init.c...
compiling Kinematics.cpp...
compiling battery.cpp...
compiling motors.cpp...
compiling car.cpp...
compiling datascope.cpp...
compiling imu_dev.cpp...
compiling drv_soft_i2c.c...
compiling drv_pwm.c...
compiling drv_gpio.c...
compiling drv_pulse_encoder.c...
compiling drv_usart.c...
compiling drv_adc.c...
compiling drv_common.c...
compiling main.cpp...
linking...
Program Size: Code=79210 RO-data=9626 RW-data=1444 ZI-data=5860  
FromELF: creating hex file...
After Build - User command #1: fromelf --bin .\build\keil\Obj\rt-thread.axf --output rtthread.bin
".\build\keil\Obj\rt-thread.axf" - 0 Error(s), 0 Warning(s).

<h2>Software Packages used:</h2>

Package Vendor: Keil
                http://www.keil.com/pack/Keil.STM32F1xx_DFP.2.3.0.pack
                Keil.STM32F1xx_DFP.2.3.0
                STMicroelectronics STM32F1 Series Device Support, Drivers and Examples

<h2>Collection of Component include folders:</h2>
  .\RTE\_STM32_ROS
  C:\Users\Juvinski\AppData\Local\Arm\Packs\Keil\STM32F1xx_DFP\2.3.0\Device\Include

<h2>Collection of Component Files used:</h2>
Build Time Elapsed:  00:00:04
</pre>
</body>
</html>
